Archive member included to satisfy reference by file (symbol)

app/libapp.a(main.c.obj)      (--whole-archive)
zephyr/libzephyr.a(heap.c.obj)
                              (--whole-archive)
zephyr/libzephyr.a(cbprintf_packaged.c.obj)
                              (--whole-archive)
zephyr/libzephyr.a(printk.c.obj)
                              (--whole-archive)
zephyr/libzephyr.a(sem.c.obj)
                              (--whole-archive)
zephyr/libzephyr.a(thread_entry.c.obj)
                              (--whole-archive)
zephyr/libzephyr.a(cbprintf_complete.c.obj)
                              (--whole-archive)
zephyr/libzephyr.a(assert.c.obj)
                              (--whole-archive)
zephyr/libzephyr.a(dec.c.obj)
                              (--whole-archive)
zephyr/libzephyr.a(hex.c.obj)
                              (--whole-archive)
zephyr/libzephyr.a(rb.c.obj)  (--whole-archive)
zephyr/libzephyr.a(timeutil.c.obj)
                              (--whole-archive)
zephyr/libzephyr.a(bitarray.c.obj)
                              (--whole-archive)
zephyr/libzephyr.a(onoff.c.obj)
                              (--whole-archive)
zephyr/libzephyr.a(notify.c.obj)
                              (--whole-archive)
zephyr/libzephyr.a(configs.c.obj)
                              (--whole-archive)
zephyr/libzephyr.a(tracing_none.c.obj)
                              (--whole-archive)
zephyr/libzephyr.a(banner.c.obj)
                              (--whole-archive)
zephyr/arch/common/libarch__common.a(sw_isr_common.c.obj)
                              (--whole-archive)
zephyr/arch/arch/arm/core/libarch__arm__core.a(fatal.c.obj)
                              (--whole-archive)
zephyr/arch/arch/arm/core/libarch__arm__core.a(nmi.c.obj)
                              (--whole-archive)
zephyr/arch/arch/arm/core/libarch__arm__core.a(nmi_on_reset.S.obj)
                              (--whole-archive)
zephyr/arch/arch/arm/core/libarch__arm__core.a(tls.c.obj)
                              (--whole-archive)
zephyr/arch/arch/arm/core/cortex_m/libarch__arm__core__cortex_m.a(exc_exit.c.obj)
                              (--whole-archive)
zephyr/arch/arch/arm/core/cortex_m/libarch__arm__core__cortex_m.a(fault.c.obj)
                              (--whole-archive)
zephyr/arch/arch/arm/core/cortex_m/libarch__arm__core__cortex_m.a(fault_s.S.obj)
                              (--whole-archive)
zephyr/arch/arch/arm/core/cortex_m/libarch__arm__core__cortex_m.a(fpu.c.obj)
                              (--whole-archive)
zephyr/arch/arch/arm/core/cortex_m/libarch__arm__core__cortex_m.a(reset.S.obj)
                              (--whole-archive)
zephyr/arch/arch/arm/core/cortex_m/libarch__arm__core__cortex_m.a(scb.c.obj)
                              (--whole-archive)
zephyr/arch/arch/arm/core/cortex_m/libarch__arm__core__cortex_m.a(thread_abort.c.obj)
                              (--whole-archive)
zephyr/arch/arch/arm/core/cortex_m/libarch__arm__core__cortex_m.a(vector_table.S.obj)
                              (--whole-archive)
zephyr/arch/arch/arm/core/cortex_m/libarch__arm__core__cortex_m.a(swap.c.obj)
                              (--whole-archive)
zephyr/arch/arch/arm/core/cortex_m/libarch__arm__core__cortex_m.a(swap_helper.S.obj)
                              (--whole-archive)
zephyr/arch/arch/arm/core/cortex_m/libarch__arm__core__cortex_m.a(irq_manage.c.obj)
                              (--whole-archive)
zephyr/arch/arch/arm/core/cortex_m/libarch__arm__core__cortex_m.a(prep_c.c.obj)
                              (--whole-archive)
zephyr/arch/arch/arm/core/cortex_m/libarch__arm__core__cortex_m.a(thread.c.obj)
                              (--whole-archive)
zephyr/arch/arch/arm/core/cortex_m/libarch__arm__core__cortex_m.a(cpu_idle.c.obj)
                              (--whole-archive)
zephyr/arch/arch/arm/core/cortex_m/libarch__arm__core__cortex_m.a(irq_init.c.obj)
                              (--whole-archive)
zephyr/arch/arch/arm/core/cortex_m/libarch__arm__core__cortex_m.a(isr_wrapper.c.obj)
                              (--whole-archive)
zephyr/arch/arch/arm/core/cortex_m/libarch__arm__core__cortex_m.a(__aeabi_read_tp.S.obj)
                              (--whole-archive)
zephyr/lib/libc/picolibc/liblib__libc__picolibc.a(libc-hooks.c.obj)
                              (--whole-archive)
zephyr/lib/libc/common/liblib__libc__common.a(abort.c.obj)
                              (--whole-archive)
zephyr/lib/libc/common/liblib__libc__common.a(malloc.c.obj)
                              (--whole-archive)
zephyr/soc/soc/nrf52833/libsoc__nordic.a(validate_base_addresses.c.obj)
                              (--whole-archive)
zephyr/soc/soc/nrf52833/libsoc__nordic.a(validate_binding_headers.c.obj)
                              (--whole-archive)
zephyr/soc/soc/nrf52833/libsoc__nordic.a(validate_enabled_instances.c.obj)
                              (--whole-archive)
zephyr/soc/soc/nrf52833/libsoc__nordic.a(soc.c.obj)
[...]
Memory Configuration

Name             Origin             Length             Attributes
FLASH            0x0000000000000000 0x0000000000080000 xr
RAM              0x0000000020000000 0x0000000000020000 xw
IDT_LIST         0x00000000ffff7fff 0x0000000000008000 xw
*default*        0x0000000000000000 0xffffffffffffffff

Linker script and memory map

                0x0000000000003220                vfprintf = __l_vfprintf
                0x0000000000000000                vfscanf = __l_vfscanf
LOAD zephyr/CMakeFiles/zephyr_pre0.dir/misc/empty_file.c.obj
LOAD zephyr/CMakeFiles/offsets.dir/./arch/arm/core/offsets/offsets.c.obj
LOAD app/libapp.a
LOAD zephyr/libzephyr.a
LOAD zephyr/arch/common/libarch__common.a
LOAD zephyr/arch/arch/arm/core/libarch__arm__core.a
LOAD zephyr/arch/arch/arm/core/cortex_m/libarch__arm__core__cortex_m.a
LOAD zephyr/lib/libc/picolibc/liblib__libc__picolibc.a
LOAD zephyr/lib/libc/common/liblib__libc__common.a
LOAD zephyr/soc/soc/nrf52833/libsoc__nordic.a
LOAD zephyr/drivers/clock_control/libdrivers__clock_control.a
LOAD zephyr/drivers/i2c/libdrivers__i2c.a
LOAD zephyr/drivers/pinctrl/libdrivers__pinctrl.a
LOAD zephyr/drivers/sensor/nordic/temp/libdrivers__sensor__nordic__temp.a
LOAD zephyr/drivers/sensor/tdk/mpu6050/libdrivers__sensor__tdk__mpu6050.a
LOAD zephyr/drivers/timer/libdrivers__timer.a
LOAD modules/hal_nordic/nrfx/libmodules__hal_nordic__nrfx.a
LOAD zephyr/kernel/libkernel.a
LOAD /opt/nordic/ncs/toolchains/15b490767d/opt/zephyr-sdk/arm-zephyr-eabi/bin/../lib/gcc/arm-zephyr-eabi/12.2.0/thumb/v7e-m/nofp/libgcc.a
LOAD zephyr/arch/common/libisr_tables.a
LOAD /opt/nordic/ncs/toolchains/15b490767d/opt/zephyr-sdk/arm-zephyr-eabi/bin/../lib/gcc/../../picolibc/arm-zephyr-eabi/lib/thumb/v7e-m/nofp/libc.a
LOAD /opt/nordic/ncs/toolchains/15b490767d/opt/zephyr-sdk/arm-zephyr-eabi/bin/../lib/gcc/arm-zephyr-eabi/12.2.0/thumb/v7e-m/nofp/libgcc.a
                0x0000000000000004                _region_min_align = 0x4

.rel.plt        0x0000000000000000        0x0
 *(SORT_BY_ALIGNMENT(.rel.plt))
                [!provide]                        PROVIDE (__rel_iplt_start = .)
 *(SORT_BY_ALIGNMENT(.rel.iplt))
 .rel.iplt      0x0000000000000000        0x0 zephyr/libzephyr.a(heap.c.obj)
                [!provide]                        PROVIDE (__rel_iplt_end = .)

.rela.plt       0x0000000000000000        0x0
 *(SORT_BY_ALIGNMENT(.rela.plt))
                [!provide]                        PROVIDE (__rela_iplt_start = .)
 *(SORT_BY_ALIGNMENT(.rela.iplt))
                [!provide]                        PROVIDE (__rela_iplt_end = .)

.rel.dyn
 *(SORT_BY_ALIGNMENT(.rel.*))

.rela.dyn
 *(SORT_BY_ALIGNMENT(.rela.*))

/DISCARD/
 *(SORT_BY_ALIGNMENT(.plt))

/DISCARD/
 *(SORT_BY_ALIGNMENT(.iplt))
                0x0000000000000000                __rom_region_start = 0x0

rom_start       0x0000000000000000      0x100
                0x0000000000000000                __rom_start_address = .
 FILL mask 0x00
                0x0000000000000000                . = (. + (0x0 - (. - __rom_start_address)))
                0x0000000000000000                . = ALIGN (0x4)
                0x0000000000000000                . = ALIGN (0x80)
                0x0000000000000000                . = ALIGN (0x100)
                0x0000000000000000                _vector_start = .
 *(SORT_BY_ALIGNMENT(.exc_vector_table))
 *(SORT_BY_ALIGNMENT(.exc_vector_table.*))
 .exc_vector_table._vector_table_section
                0x0000000000000000       0x40 zephyr/arch/arch/arm/core/cortex_m/libarch__arm__core__cortex_m.a(vector_table.S.obj)
                0x0000000000000000                _vector_table
 *(SORT_BY_ALIGNMENT(.vectors))
                0x0000000000000100                _vector_end = .
                0x0000000000000040                . = ALIGN (0x4)
 *(SORT_BY_ALIGNMENT(.gnu.linkonce.irq_vector_table*))
 .gnu.linkonce.irq_vector_table
                0x0000000000000040       0xc0 zephyr/arch/common/libisr_tables.a(isr_tables.c.obj)
                0x0000000000000040                _irq_vector_table
                0x0000000000000100                _vector_end = .

text            0x0000000000000100     0x4244
                0x0000000000000100                __text_region_start = .
 *(SORT_BY_ALIGNMENT(.text))
 .text          0x0000000000000100       0xa0 /opt/nordic/ncs/toolchains/15b490767d/opt/zephyr-sdk/arm-zephyr-eabi/bin/../lib/gcc/arm-zephyr-eabi/12.2.0/thumb/v7e-m/nofp/libgcc.a(_aeabi_ldivmod.o)
                0x0000000000000100                __aeabi_ldivmod
 .text          0x00000000000001a0        0x4 /opt/nordic/ncs/toolchains/15b490767d/opt/zephyr-sdk/arm-zephyr-eabi/bin/../lib/gcc/arm-zephyr-eabi/12.2.0/thumb/v7e-m/nofp/libgcc.a(_dvmd_tls.o)
                0x00000000000001a0                __aeabi_ldiv0
                0x00000000000001a0                __aeabi_idiv0
 .text          0x00000000000001a4      0x2a0 /opt/nordic/ncs/toolchains/15b490767d/opt/zephyr-sdk/arm-zephyr-eabi/bin/../lib/gcc/arm-zephyr-eabi/12.2.0/thumb/v7e-m/nofp/libgcc.a(_udivmoddi4.o)
                0x00000000000001a4                __udivmoddi4
 *(SORT_BY_ALIGNMENT(.text.*))
 .text.char_out
                0x0000000000000444        0xc zephyr/libzephyr.a(printk.c.obj)
 .text.vprintk  0x0000000000000450       0x30 zephyr/libzephyr.a(printk.c.obj)
                0x0000000000000450                vprintk
 .text.z_thread_entry
                0x0000000000000480       0x34 zephyr/libzephyr.a(thread_entry.c.obj)
                0x0000000000000480                z_thread_entry
 .text.process_event
                0x00000000000004b4      0x21c zephyr/libzephyr.a(onoff.c.obj)
 .text.boot_banner
                0x00000000000006d0       0x24 zephyr/libzephyr.a(banner.c.obj)
                0x00000000000006d0                boot_banner
 .text.z_SysNmiOnReset
                0x00000000000006f4        0x8 zephyr/arch/arch/arm/core/libarch__arm__core.a(nmi_on_reset.S.obj)
                0x00000000000006f4                z_SysNmiOnReset
 .text.arch_tls_stack_setup
                0x00000000000006fc       0x40 zephyr/arch/arch/arm/core/libarch__arm__core.a(tls.c.obj)
                0x00000000000006fc                arch_tls_stack_setup
 .text._HandlerModeExit
                0x000000000000073c       0x28 zephyr/arch/arch/arm/core/cortex_m/libarch__arm__core__cortex_m.a(exc_exit.c.obj)
                0x000000000000073c                z_arm_exc_exit
                0x000000000000073c                z_arm_int_exit
 .text.usage_fault.constprop.0
                0x0000000000000764       0x54 zephyr/arch/arch/arm/core/cortex_m/libarch__arm__core__cortex_m.a(fault.c.obj)
 .text.bus_fault.constprop.0
                0x00000000000007b8       0x6c zephyr/arch/arch/arm/core/cortex_m/libarch__arm__core__cortex_m.a(fault.c.obj)
 .text.mem_manage_fault.constprop.0
                0x0000000000000824       0x78 zephyr/arch/arch/arm/core/cortex_m/libarch__arm__core__cortex_m.a(fault.c.obj)
 .text.z_arm_fault
                0x000000000000089c      0x124 zephyr/arch/arch/arm/core/cortex_m/libarch__arm__core__cortex_m.a(fault.c.obj)
                0x000000000000089c                z_arm_fault
 .text.z_arm_fault_init
                0x00000000000009c0       0x18 zephyr/arch/arch/arm/core/cortex_m/libarch__arm__core__cortex_m.a(fault.c.obj)
                0x00000000000009c0                z_arm_fault_init
 .text.__fault  0x00000000000009d8       0x14 zephyr/arch/arch/arm/core/cortex_m/libarch__arm__core__cortex_m.a(fault_s.S.obj)
                0x00000000000009d8                z_arm_bus_fault
                0x00000000000009d8                z_arm_usage_fault
                0x00000000000009d8                z_arm_mpu_fault
                0x00000000000009d8                z_arm_exc_spurious
                0x00000000000009d8                z_arm_debug_monitor
                0x00000000000009d8                z_arm_hard_fault
 .text._reset_section
                0x00000000000009ec       0x54 zephyr/arch/arch/arm/core/cortex_m/libarch__arm__core__cortex_m.a(reset.S.obj)
                0x00000000000009ec                z_arm_reset
                0x00000000000009ec                __start
 .text.z_arm_init_arch_hw_at_boot
                0x0000000000000a40       0x60 zephyr/arch/arch/arm/core/cortex_m/libarch__arm__core__cortex_m.a(scb.c.obj)
                0x0000000000000a40                z_arm_init_arch_hw_at_boot
 .text.z_impl_k_thread_abort
                0x0000000000000aa0       0x2c zephyr/arch/arch/arm/core/cortex_m/libarch__arm__core__cortex_m.a(thread_abort.c.obj)
                0x0000000000000aa0                z_impl_k_thread_abort
 .text.arch_swap
                0x0000000000000acc       0x30 zephyr/arch/arch/arm/core/cortex_m/libarch__arm__core__cortex_m.a(swap.c.obj)
                0x0000000000000acc                arch_swap
 .text.z_arm_pendsv_c
                0x0000000000000afc       0x40 zephyr/arch/arch/arm/core/cortex_m/libarch__arm__core__cortex_m.a(swap.c.obj)
                0x0000000000000afc                z_arm_pendsv_c
 .text.z_arm_pendsv
                0x0000000000000b3c       0x34 zephyr/arch/arch/arm/core/cortex_m/libarch__arm__core__cortex_m.a(swap_helper.S.obj)
                0x0000000000000b3c                z_arm_pendsv
 .text.z_arm_svc
                0x0000000000000b70       0x20 zephyr/arch/arch/arm/core/cortex_m/libarch__arm__core__cortex_m.a(swap_helper.S.obj)
                0x0000000000000b70                z_arm_svc
 .text.arch_irq_enable
                0x0000000000000b90       0x1c zephyr/arch/arch/arm/core/cortex_m/libarch__arm__core__cortex_m.a(irq_manage.c.obj)
                0x0000000000000b90                arch_irq_enable
 .text.arch_irq_is_enabled
                0x0000000000000bac       0x1c zephyr/arch/arch/arm/core/cortex_m/libarch__arm__core__cortex_m.a(irq_manage.c.obj)
                0x0000000000000bac                arch_irq_is_enabled
 .text.z_arm_irq_priority_set
                0x0000000000000bc8       0x30 zephyr/arch/arch/arm/core/cortex_m/libarch__arm__core__cortex_m.a(irq_manage.c.obj)
                0x0000000000000bc8                z_arm_irq_priority_set
 .text.z_prep_c
                0x0000000000000bf8       0x38 zephyr/arch/arch/arm/core/cortex_m/libarch__arm__core__cortex_m.a(prep_c.c.obj)
                0x0000000000000bf8                z_prep_c
 .text.arch_new_thread
                0x0000000000000c30       0x38 zephyr/arch/arch/arm/core/cortex_m/libarch__arm__core__cortex_m.a(thread.c.obj)
                0x0000000000000c30                arch_new_thread
 .text.arch_switch_to_main_thread
                0x0000000000000c68       0x40 zephyr/arch/arch/arm/core/cortex_m/libarch__arm__core__cortex_m.a(thread.c.obj)
                0x0000000000000c68                arch_switch_to_main_thread
 .text.z_arm_cpu_idle_init
                0x0000000000000ca8        0xc zephyr/arch/arch/arm/core/cortex_m/libarch__arm__core__cortex_m.a(cpu_idle.c.obj)
                0x0000000000000ca8                z_arm_cpu_idle_init
 .text.z_arm_interrupt_init
                0x0000000000000cb4       0x18 zephyr/arch/arch/arm/core/cortex_m/libarch__arm__core__cortex_m.a(irq_init.c.obj)
                0x0000000000000cb4                z_arm_interrupt_init
 .text._isr_wrapper
                0x0000000000000ccc       0x24 zephyr/arch/arch/arm/core/cortex_m/libarch__arm__core__cortex_m.a(isr_wrapper.c.obj)
                0x0000000000000ccc                _isr_wrapper
 .text.malloc_prepare
                0x0000000000000cf0       0x24 zephyr/lib/libc/common/liblib__libc__common.a(malloc.c.obj)
 .text.nordicsemi_nrf52_init
                0x0000000000000d14       0x10 zephyr/soc/soc/nrf52833/libsoc__nordic.a(soc.c.obj)
 .text.arch_busy_wait
                0x0000000000000d24       0x14 zephyr/soc/soc/nrf52833/libsoc__nordic.a(soc.c.obj)
                0x0000000000000d24                arch_busy_wait
 .text.onoff_stop
                0x0000000000000d38       0x30 zephyr/drivers/clock_control/libdrivers__clock_control.a(clock_control_nrf.c.obj)
 .text.onoff_start
                0x0000000000000d68       0x44 zephyr/drivers/clock_control/libdrivers__clock_control.a(clock_control_nrf.c.obj)
 .text.generic_hfclk_stop
                0x0000000000000dac       0x34 zephyr/drivers/clock_control/libdrivers__clock_control.a(clock_control_nrf.c.obj)
 .text.clk_init
                0x0000000000000de0       0x58 zephyr/drivers/clock_control/libdrivers__clock_control.a(clock_control_nrf.c.obj)
 .text.api_blocking_start
                0x0000000000000e38       0x34 zephyr/drivers/clock_control/libdrivers__clock_control.a(clock_control_nrf.c.obj)
 .text.clkstarted_handle.constprop.0
                0x0000000000000e6c       0x4c zephyr/drivers/clock_control/libdrivers__clock_control.a(clock_control_nrf.c.obj)
 .text.generic_hfclk_start
                0x0000000000000eb8       0x78 zephyr/drivers/clock_control/libdrivers__clock_control.a(clock_control_nrf.c.obj)
 .text.clock_event_handler
                0x0000000000000f30       0x1c zephyr/drivers/clock_control/libdrivers__clock_control.a(clock_control_nrf.c.obj)
 .text.z_nrf_clock_control_get_onoff
                0x0000000000000f4c       0x10 zephyr/drivers/clock_control/libdrivers__clock_control.a(clock_control_nrf.c.obj)
                0x0000000000000f4c                z_nrf_clock_control_get_onoff
 .text.z_nrf_clock_control_lf_on
                0x0000000000000f5c       0xfc zephyr/drivers/clock_control/libdrivers__clock_control.a(clock_control_nrf.c.obj)
                0x0000000000000f5c                z_nrf_clock_control_lf_on
 .text.event_handler
                0x0000000000001058       0x38 zephyr/drivers/i2c/libdrivers__i2c.a(i2c_nrfx_twim.c.obj)
 .text.i2c_nrfx_twim_transfer
                0x0000000000001090      0x148 zephyr/drivers/i2c/libdrivers__i2c.a(i2c_nrfx_twim.c.obj)
 .text.i2c_nrfx_twim_recover_bus
                0x00000000000011d8       0x40 zephyr/drivers/i2c/libdrivers__i2c.a(i2c_nrfx_twim_common.c.obj)
                0x00000000000011d8                i2c_nrfx_twim_recover_bus
 .text.i2c_nrfx_twim_msg_transfer
                0x0000000000001218       0x6c zephyr/drivers/i2c/libdrivers__i2c.a(i2c_nrfx_twim_common.c.obj)
                0x0000000000001218                i2c_nrfx_twim_msg_transfer
 .text.i2c_nrfx_twim_common_init
                0x0000000000001284       0x40 zephyr/drivers/i2c/libdrivers__i2c.a(i2c_nrfx_twim_common.c.obj)
                0x0000000000001284                i2c_nrfx_twim_common_init
 .text.pinctrl_configure_pins
                0x00000000000012c4       0xe0 zephyr/drivers/pinctrl/libdrivers__pinctrl.a(pinctrl_nrf.c.obj)
                0x00000000000012c4                pinctrl_configure_pins
 .text.hfclk_on_callback
                0x00000000000013a4        0xc zephyr/drivers/sensor/nordic/temp/libdrivers__sensor__nordic__temp.a(temp_nrf5.c.obj)
 .text.temp_nrf5_channel_get
                0x00000000000013b0       0x2c zephyr/drivers/sensor/nordic/temp/libdrivers__sensor__nordic__temp.a(temp_nrf5.c.obj)
 .text.temp_nrf5_isr
                0x00000000000013dc       0x18 zephyr/drivers/sensor/nordic/temp/libdrivers__sensor__nordic__temp.a(temp_nrf5.c.obj)
 .text.temp_nrf5_sample_fetch
                0x00000000000013f4       0x78 zephyr/drivers/sensor/nordic/temp/libdrivers__sensor__nordic__temp.a(temp_nrf5.c.obj)
 .text.temp_nrf5_init
                0x000000000000146c       0x40 zephyr/drivers/sensor/nordic/temp/libdrivers__sensor__nordic__temp.a(temp_nrf5.c.obj)
 .text.mpu6050_convert_gyro
                0x00000000000014ac       0x30 zephyr/drivers/sensor/tdk/mpu6050/libdrivers__sensor__tdk__mpu6050.a(mpu6050.c.obj)
 .text.mpu6050_channel_get
                0x00000000000014dc      0x1d0 zephyr/drivers/sensor/tdk/mpu6050/libdrivers__sensor__tdk__mpu6050.a(mpu6050.c.obj)
 .text.compare_int_lock
                0x00000000000016ac       0x48 zephyr/drivers/timer/libdrivers__timer.a(nrf_rtc_timer.c.obj)
 .text.sys_clock_timeout_handler
                0x00000000000016f4       0x48 zephyr/drivers/timer/libdrivers__timer.a(nrf_rtc_timer.c.obj)
 .text.compare_int_unlock
                0x000000000000173c       0x5c zephyr/drivers/timer/libdrivers__timer.a(nrf_rtc_timer.c.obj)
 .text.z_nrf_rtc_timer_read
                0x0000000000001798       0x44 zephyr/drivers/timer/libdrivers__timer.a(nrf_rtc_timer.c.obj)
                0x0000000000001798                z_nrf_rtc_timer_read
 .text.compare_set
                0x00000000000017dc      0x130 zephyr/drivers/timer/libdrivers__timer.a(nrf_rtc_timer.c.obj)
 .text.sys_clock_driver_init
                0x000000000000190c       0x90 zephyr/drivers/timer/libdrivers__timer.a(nrf_rtc_timer.c.obj)
 .text.rtc_nrf_isr
                0x000000000000199c       0xd4 zephyr/drivers/timer/libdrivers__timer.a(nrf_rtc_timer.c.obj)
                0x000000000000199c                rtc_nrf_isr
 .text.sys_clock_set_timeout
                0x0000000000001a70       0x5c zephyr/drivers/timer/libdrivers__timer.a(nrf_rtc_timer.c.obj)
                0x0000000000001a70                sys_clock_set_timeout
 .text.sys_clock_elapsed
                0x0000000000001acc       0x14 zephyr/drivers/timer/libdrivers__timer.a(nrf_rtc_timer.c.obj)
                0x0000000000001acc                sys_clock_elapsed
 .text.SystemInit
                0x0000000000001ae0       0xe4 modules/hal_nordic/nrfx/libmodules__hal_nordic__nrfx.a(system_nrf52833.c.obj)
                0x0000000000001ae0                SystemInit
 .text.nrfx_clock_init
                0x0000000000001bc4       0x20 modules/hal_nordic/nrfx/libmodules__hal_nordic__nrfx.a(nrfx_clock.c.obj)
                0x0000000000001bc4                nrfx_clock_init
 .text.nrfx_clock_enable
                0x0000000000001be4       0x24 modules/hal_nordic/nrfx/libmodules__hal_nordic__nrfx.a(nrfx_clock.c.obj)
                0x0000000000001be4                nrfx_clock_enable
 .text.nrfx_clock_start
                0x0000000000001c08       0xa8 modules/hal_nordic/nrfx/libmodules__hal_nordic__nrfx.a(nrfx_clock.c.obj)
                0x0000000000001c08                nrfx_clock_start
 .text.nrfx_power_clock_irq_handler
                0x0000000000001cb0       0x64 modules/hal_nordic/nrfx/libmodules__hal_nordic__nrfx.a(nrfx_clock.c.obj)
                0x0000000000001cb0                nrfx_power_clock_irq_handler
 .text.nrf_gpio_cfg.constprop.0
                0x0000000000001d14       0x48 modules/hal_nordic/nrfx/libmodules__hal_nordic__nrfx.a(nrfx_twim.c.obj)
 .text.twim_configure
                0x0000000000001d5c       0x3c modules/hal_nordic/nrfx/libmodules__hal_nordic__nrfx.a(nrfx_twim.c.obj)
 .text.nrfx_twim_init
                0x0000000000001d98       0x74 modules/hal_nordic/nrfx/libmodules__hal_nordic__nrfx.a(nrfx_twim.c.obj)
                0x0000000000001d98                nrfx_twim_init
 .text.nrfx_twim_enable
                0x0000000000001e0c       0x20 modules/hal_nordic/nrfx/libmodules__hal_nordic__nrfx.a(nrfx_twim.c.obj)
                0x0000000000001e0c                nrfx_twim_enable
 .text.nrfx_twim_disable
                0x0000000000001e2c       0x3c modules/hal_nordic/nrfx/libmodules__hal_nordic__nrfx.a(nrfx_twim.c.obj)
                0x0000000000001e2c                nrfx_twim_disable
 .text.nrfx_twim_xfer
                0x0000000000001e68      0x350 modules/hal_nordic/nrfx/libmodules__hal_nordic__nrfx.a(nrfx_twim.c.obj)
                0x0000000000001e68                nrfx_twim_xfer
 .text.nrfx_twim_0_irq_handler
                0x00000000000021b8      0x184 modules/hal_nordic/nrfx/libmodules__hal_nordic__nrfx.a(nrfx_twim.c.obj)
                0x00000000000021b8                nrfx_twim_0_irq_handler
 .text.nrf_gpio_pin_port_decode
                0x000000000000233c       0x20 modules/hal_nordic/nrfx/libmodules__hal_nordic__nrfx.a(nrfx_twi_twim.c.obj)
 .text.nrfx_twi_twim_bus_recover
                0x000000000000235c       0xdc modules/hal_nordic/nrfx/libmodules__hal_nordic__nrfx.a(nrfx_twi_twim.c.obj)
                0x000000000000235c                nrfx_twi_twim_bus_recover
 .text.z_fatal_error
                0x0000000000002438       0x30 zephyr/kernel/libkernel.a(fatal.c.obj)
                0x0000000000002438                z_fatal_error
 .text.z_sys_init_run_level
                0x0000000000002468       0x2c zephyr/kernel/libkernel.a(init.c.obj)
 .text.bg_thread_main
                0x0000000000002494       0xc4 zephyr/kernel/libkernel.a(init.c.obj)
 .text.z_bss_zero
                0x0000000000002558       0x18 zephyr/kernel/libkernel.a(init.c.obj)
                0x0000000000002558                z_bss_zero
 .text.z_init_cpu
                0x0000000000002570       0x68 zephyr/kernel/libkernel.a(init.c.obj)
                0x0000000000002570                z_init_cpu
 .text.z_cstart
                0x00000000000025d8       0xd0 zephyr/kernel/libkernel.a(init.c.obj)
                0x00000000000025d8                z_cstart
 .text.z_impl_k_mutex_lock
                0x00000000000026a8       0xf0 zephyr/kernel/libkernel.a(mutex.c.obj)
                0x00000000000026a8                z_impl_k_mutex_lock
 .text.z_impl_k_mutex_unlock
                0x0000000000002798       0x78 zephyr/kernel/libkernel.a(mutex.c.obj)
                0x0000000000002798                z_impl_k_mutex_unlock
 .text.z_impl_k_sem_give
                0x0000000000002810       0x48 zephyr/kernel/libkernel.a(sem.c.obj)
                0x0000000000002810                z_impl_k_sem_give
 .text.z_impl_k_sem_take
                0x0000000000002858       0x4c zephyr/kernel/libkernel.a(sem.c.obj)
                0x0000000000002858                z_impl_k_sem_take
 .text.z_setup_new_thread
                0x00000000000028a4       0x70 zephyr/kernel/libkernel.a(thread.c.obj)
                0x00000000000028a4                z_setup_new_thread
 .text.update_cache
                0x0000000000002914       0x3c zephyr/kernel/libkernel.a(sched.c.obj)
 .text.unready_thread
                0x0000000000002950       0x30 zephyr/kernel/libkernel.a(sched.c.obj)
 .text.ready_thread
                0x0000000000002980       0x68 zephyr/kernel/libkernel.a(sched.c.obj)
 .text.z_thread_halt
                0x00000000000029e8       0xd8 zephyr/kernel/libkernel.a(sched.c.obj)
 .text.move_thread_to_end_of_prio_q
                0x0000000000002ac0       0x74 zephyr/kernel/libkernel.a(sched.c.obj)
                0x0000000000002ac0                move_thread_to_end_of_prio_q
 .text.z_pend_curr
                0x0000000000002b34       0x58 zephyr/kernel/libkernel.a(sched.c.obj)
                0x0000000000002b34                z_pend_curr
 .text.z_thread_prio_set
                0x0000000000002b8c       0x88 zephyr/kernel/libkernel.a(sched.c.obj)
                0x0000000000002b8c                z_thread_prio_set
 .text.z_reschedule
                0x0000000000002c14       0x24 zephyr/kernel/libkernel.a(sched.c.obj)
                0x0000000000002c14                z_reschedule
 .text.z_sched_start
                0x0000000000002c38       0x3c zephyr/kernel/libkernel.a(sched.c.obj)
                0x0000000000002c38                z_sched_start
 .text.z_reschedule_irqlock
                0x0000000000002c74       0x28 zephyr/kernel/libkernel.a(sched.c.obj)
                0x0000000000002c74                z_reschedule_irqlock
 .text.k_sched_lock
                0x0000000000002c9c       0x28 zephyr/kernel/libkernel.a(sched.c.obj)
                0x0000000000002c9c                k_sched_lock
 .text.k_sched_unlock
                0x0000000000002cc4       0x40 zephyr/kernel/libkernel.a(sched.c.obj)
                0x0000000000002cc4                k_sched_unlock
 .text.z_sched_init
                0x0000000000002d04       0x10 zephyr/kernel/libkernel.a(sched.c.obj)
                0x0000000000002d04                z_sched_init
 .text.z_impl_k_yield
                0x0000000000002d14       0x7c zephyr/kernel/libkernel.a(sched.c.obj)
                0x0000000000002d14                z_impl_k_yield
 .text.z_tick_sleep
                0x0000000000002d90       0x88 zephyr/kernel/libkernel.a(sched.c.obj)
 .text.z_impl_k_sleep
                0x0000000000002e18       0x3c zephyr/kernel/libkernel.a(sched.c.obj)
                0x0000000000002e18                z_impl_k_sleep
 .text.z_impl_k_sched_current_thread_query
                0x0000000000002e54        0xc zephyr/kernel/libkernel.a(sched.c.obj)
                0x0000000000002e54                z_impl_k_sched_current_thread_query
 .text.slice_timeout
                0x0000000000002e60       0x20 zephyr/kernel/libkernel.a(timeslicing.c.obj)
 .text.thread_is_sliceable
                0x0000000000002e80       0x3c zephyr/kernel/libkernel.a(timeslicing.c.obj)
                0x0000000000002e80                thread_is_sliceable
 .text.z_reset_time_slice
                0x0000000000002ebc       0x50 zephyr/kernel/libkernel.a(timeslicing.c.obj)
                0x0000000000002ebc                z_reset_time_slice
 .text.z_time_slice
                0x0000000000002f0c       0x60 zephyr/kernel/libkernel.a(timeslicing.c.obj)
                0x0000000000002f0c                z_time_slice
 .text.z_data_copy
                0x0000000000002f6c       0x34 zephyr/kernel/libkernel.a(xip.c.obj)
                0x0000000000002f6c                z_data_copy
 .text.elapsed  0x0000000000002fa0       0x14 zephyr/kernel/libkernel.a(timeout.c.obj)
 .text.remove_timeout
                0x0000000000002fb4       0x38 zephyr/kernel/libkernel.a(timeout.c.obj)
 .text.next_timeout
                0x0000000000002fec       0x40 zephyr/kernel/libkernel.a(timeout.c.obj)
 .text.z_add_timeout
                0x000000000000302c       0xf4 zephyr/kernel/libkernel.a(timeout.c.obj)
                0x000000000000302c                z_add_timeout
 .text.sys_clock_announce
                0x0000000000003120       0xd0 zephyr/kernel/libkernel.a(timeout.c.obj)
                0x0000000000003120                sys_clock_announce
 .text.sys_clock_tick_get
                0x00000000000031f0       0x30 zephyr/kernel/libkernel.a(timeout.c.obj)
                0x00000000000031f0                sys_clock_tick_get
 .text.__l_vfprintf
                0x0000000000003220      0x4b8 /opt/nordic/ncs/toolchains/15b490767d/opt/zephyr-sdk/arm-zephyr-eabi/bin/../lib/gcc/../../picolibc/arm-zephyr-eabi/lib/thumb/v7e-m/nofp/libc.a(libc_tinystdio_vflprintf.c.o)
                0x0000000000003220                __l_vfprintf
 .text._OffsetAbsSyms
                0x00000000000036d8        0x2 zephyr/CMakeFiles/offsets.dir/./arch/arm/core/offsets/offsets.c.obj
                0x00000000000036d8                _OffsetAbsSyms
 .text.main     0x00000000000036da        0x4 app/libapp.a(main.c.obj)
                0x00000000000036da                main
 .text.chunk_size
                0x00000000000036de        0xa zephyr/libzephyr.a(heap.c.obj)
 .text.free_list_add
                0x00000000000036e8       0x4e zephyr/libzephyr.a(heap.c.obj)
 .text.sys_heap_init
                0x0000000000003736       0x7a zephyr/libzephyr.a(heap.c.obj)
                0x0000000000003736                sys_heap_init
 .text.arch_printk_char_out
                0x00000000000037b0        0x4 zephyr/libzephyr.a(printk.c.obj)
                0x00000000000037b0                arch_printk_char_out
 .text.printk   0x00000000000037b4       0x1a zephyr/libzephyr.a(printk.c.obj)
                0x00000000000037b4                printk
 .text.process_recheck
                0x00000000000037ce       0x38 zephyr/libzephyr.a(onoff.c.obj)
 .text.validate_args
                0x0000000000003806       0x20 zephyr/libzephyr.a(onoff.c.obj)
 .text.notify_one
                0x0000000000003826       0x2c zephyr/libzephyr.a(onoff.c.obj)
 .text.transition_complete
                0x0000000000003852       0x1a zephyr/libzephyr.a(onoff.c.obj)
 .text.onoff_manager_init
                0x000000000000386c       0x26 zephyr/libzephyr.a(onoff.c.obj)
                0x000000000000386c                onoff_manager_init
 .text.onoff_request
                0x0000000000003892       0xae zephyr/libzephyr.a(onoff.c.obj)
                0x0000000000003892                onoff_request
 .text.onoff_release
                0x0000000000003940       0x48 zephyr/libzephyr.a(onoff.c.obj)
                0x0000000000003940                onoff_release
 .text.sys_notify_validate
                0x0000000000003988       0x22 zephyr/libzephyr.a(notify.c.obj)
                0x0000000000003988                sys_notify_validate
 .text.sys_notify_finalize
                0x00000000000039aa       0x1a zephyr/libzephyr.a(notify.c.obj)
                0x00000000000039aa                sys_notify_finalize
 .text._ConfigAbsSyms
                0x00000000000039c4        0x2 zephyr/libzephyr.a(configs.c.obj)
                0x00000000000039c4                _ConfigAbsSyms
 .text.z_arm_fatal_error
                0x00000000000039c6        0xc zephyr/arch/arch/arm/core/libarch__arm__core.a(fatal.c.obj)
                0x00000000000039c6                z_arm_fatal_error
 .text.z_do_kernel_oops
                0x00000000000039d2        0x8 zephyr/arch/arch/arm/core/libarch__arm__core.a(fatal.c.obj)
                0x00000000000039d2                z_do_kernel_oops
 .text.z_arm_nmi
                0x00000000000039da        0xe zephyr/arch/arch/arm/core/libarch__arm__core.a(nmi.c.obj)
                0x00000000000039da                z_arm_nmi
 .text.z_irq_spurious
                0x00000000000039e8        0x8 zephyr/arch/arch/arm/core/cortex_m/libarch__arm__core__cortex_m.a(irq_manage.c.obj)
                0x00000000000039e8                z_irq_spurious
 .text.arch_irq_unlock_outlined
                0x00000000000039f0        0xe zephyr/arch/arch/arm/core/cortex_m/libarch__arm__core__cortex_m.a(thread.c.obj)
                0x00000000000039f0                arch_irq_unlock_outlined
 .text.arch_cpu_idle
                0x00000000000039fe       0x1a zephyr/arch/arch/arm/core/cortex_m/libarch__arm__core__cortex_m.a(cpu_idle.c.obj)
                0x00000000000039fe                arch_cpu_idle
 .text.arch_cpu_atomic_idle
                0x0000000000003a18       0x1e zephyr/arch/arch/arm/core/cortex_m/libarch__arm__core__cortex_m.a(cpu_idle.c.obj)
                0x0000000000003a18                arch_cpu_atomic_idle
 .text.get_status
                0x0000000000003a36       0x12 zephyr/drivers/clock_control/libdrivers__clock_control.a(clock_control_nrf.c.obj)
 .text.stop     0x0000000000003a48       0x52 zephyr/drivers/clock_control/libdrivers__clock_control.a(clock_control_nrf.c.obj)
 .text.api_stop
                0x0000000000003a9a        0x6 zephyr/drivers/clock_control/libdrivers__clock_control.a(clock_control_nrf.c.obj)
 .text.async_start
                0x0000000000003aa0       0x5c zephyr/drivers/clock_control/libdrivers__clock_control.a(clock_control_nrf.c.obj)
 .text.api_start
                0x0000000000003afc        0xe zephyr/drivers/clock_control/libdrivers__clock_control.a(clock_control_nrf.c.obj)
 .text.onoff_started_callback
                0x0000000000003b0a       0x12 zephyr/drivers/clock_control/libdrivers__clock_control.a(clock_control_nrf.c.obj)
 .text.lfclk_start
                0x0000000000003b1c        0x6 zephyr/drivers/clock_control/libdrivers__clock_control.a(clock_control_nrf.c.obj)
 .text.lfclk_stop
                0x0000000000003b22        0x6 zephyr/drivers/clock_control/libdrivers__clock_control.a(clock_control_nrf.c.obj)
 .text.blocking_start_callback
                0x0000000000003b28        0x6 zephyr/drivers/clock_control/libdrivers__clock_control.a(clock_control_nrf.c.obj)
 .text.irq_connect0
                0x0000000000003b2e        0xa zephyr/drivers/i2c/libdrivers__i2c.a(i2c_nrfx_twim.c.obj)
 .text.i2c_nrfx_twim_init
                0x0000000000003b38       0x26 zephyr/drivers/i2c/libdrivers__i2c.a(i2c_nrfx_twim.c.obj)
 .text.pinctrl_apply_state.isra.0
                0x0000000000003b5e       0x1e zephyr/drivers/i2c/libdrivers__i2c.a(i2c_nrfx_twim_common.c.obj)
 .text.i2c_nrfx_twim_configure
                0x0000000000003b7c       0x2e zephyr/drivers/i2c/libdrivers__i2c.a(i2c_nrfx_twim_common.c.obj)
                0x0000000000003b7c                i2c_nrfx_twim_configure
 .text.twim_nrfx_pm_action
                0x0000000000003baa       0x32 zephyr/drivers/i2c/libdrivers__i2c.a(i2c_nrfx_twim_common.c.obj)
                0x0000000000003baa                twim_nrfx_pm_action
 .text.pinctrl_lookup_state
                0x0000000000003bdc       0x26 zephyr/drivers/pinctrl/libdrivers__pinctrl.a(common.c.obj)
                0x0000000000003bdc                pinctrl_lookup_state
 .text.i2c_write_read.constprop.0
                0x0000000000003c02       0x38 zephyr/drivers/sensor/tdk/mpu6050/libdrivers__sensor__tdk__mpu6050.a(mpu6050.c.obj)
 .text.mpu6050_sample_fetch
                0x0000000000003c3a       0x68 zephyr/drivers/sensor/tdk/mpu6050/libdrivers__sensor__tdk__mpu6050.a(mpu6050.c.obj)
 .text.mpu6050_init
                0x0000000000003ca2      0x12e zephyr/drivers/sensor/tdk/mpu6050/libdrivers__sensor__tdk__mpu6050.a(mpu6050.c.obj)
                0x0000000000003ca2                mpu6050_init
 .text.event_clear
                0x0000000000003dd0       0x18 zephyr/drivers/timer/libdrivers__timer.a(nrf_rtc_timer.c.obj)
 .text.nrfx_isr
                0x0000000000003de8        0x2 modules/hal_nordic/nrfx/libmodules__hal_nordic__nrfx.a(nrfx_glue.c.obj)
                0x0000000000003de8                nrfx_isr
 .text.nrfx_busy_wait
                0x0000000000003dea        0x4 modules/hal_nordic/nrfx/libmodules__hal_nordic__nrfx.a(nrfx_glue.c.obj)
                0x0000000000003dea                nrfx_busy_wait
 .text.clock_stop
                0x0000000000003dee       0xb4 modules/hal_nordic/nrfx/libmodules__hal_nordic__nrfx.a(nrfx_clock.c.obj)
 .text.nrfx_clock_stop
                0x0000000000003ea2        0x4 modules/hal_nordic/nrfx/libmodules__hal_nordic__nrfx.a(nrfx_clock.c.obj)
                0x0000000000003ea2                nrfx_clock_stop
 .text.xfer_completeness_check
                0x0000000000003ea6       0x62 modules/hal_nordic/nrfx/libmodules__hal_nordic__nrfx.a(nrfx_twim.c.obj)
 .text.pins_configure
                0x0000000000003f08       0x24 modules/hal_nordic/nrfx/libmodules__hal_nordic__nrfx.a(nrfx_twim.c.obj)
 .text.__nrfy_internal_twim_event_handle.isra.0
                0x0000000000003f2c       0x22 modules/hal_nordic/nrfx/libmodules__hal_nordic__nrfx.a(nrfx_twim.c.obj)
 .text.__nrfy_internal_twim_events_process.constprop.0
                0x0000000000003f4e       0x54 modules/hal_nordic/nrfx/libmodules__hal_nordic__nrfx.a(nrfx_twim.c.obj)
 .text.nrf_gpio_pin_set
                0x0000000000003fa2       0x1a modules/hal_nordic/nrfx/libmodules__hal_nordic__nrfx.a(nrfx_twi_twim.c.obj)
 .text.z_impl_k_busy_wait
                0x0000000000003fbc        0x8 zephyr/kernel/libkernel.a(busy_wait.c.obj)
                0x0000000000003fbc                z_impl_k_busy_wait
 .text.z_device_state_init
                0x0000000000003fc4        0x2 zephyr/kernel/libkernel.a(device.c.obj)
                0x0000000000003fc4                z_device_state_init
 .text.z_impl_device_is_ready
                0x0000000000003fc6       0x16 zephyr/kernel/libkernel.a(device.c.obj)
                0x0000000000003fc6                z_impl_device_is_ready
 .text.arch_system_halt
                0x0000000000003fdc       0x10 zephyr/kernel/libkernel.a(fatal.c.obj)
                0x0000000000003fdc                arch_system_halt
 .text.k_sys_fatal_error_handler
                0x0000000000003fec        0x6 zephyr/kernel/libkernel.a(fatal.c.obj)
                0x0000000000003fec                k_sys_fatal_error_handler
 .text.do_device_init
                0x0000000000003ff2       0x30 zephyr/kernel/libkernel.a(init.c.obj)
 .text.z_early_memset
                0x0000000000004022        0x4 zephyr/kernel/libkernel.a(init.c.obj)
                0x0000000000004022                z_early_memset
 .text.z_early_memcpy
                0x0000000000004026        0x4 zephyr/kernel/libkernel.a(init.c.obj)
                0x0000000000004026                z_early_memcpy
 .text.z_init_static
                0x000000000000402a        0x2 zephyr/kernel/libkernel.a(init_static.c.obj)
                0x000000000000402a                z_init_static
 .text.idle     0x000000000000402c       0x16 zephyr/kernel/libkernel.a(idle.c.obj)
                0x000000000000402c                idle
 .text.adjust_owner_prio.isra.0
                0x0000000000004042       0x10 zephyr/kernel/libkernel.a(mutex.c.obj)
 .text.z_impl_k_mutex_init
                0x0000000000004052        0xe zephyr/kernel/libkernel.a(mutex.c.obj)
                0x0000000000004052                z_impl_k_mutex_init
 .text.z_impl_k_sem_init
                0x0000000000004060       0x18 zephyr/kernel/libkernel.a(sem.c.obj)
                0x0000000000004060                z_impl_k_sem_init
 .text.k_is_in_isr
                0x0000000000004078        0xc zephyr/kernel/libkernel.a(thread.c.obj)
                0x0000000000004078                k_is_in_isr
 .text.z_impl_k_thread_start
                0x0000000000004084        0x4 zephyr/kernel/libkernel.a(thread.c.obj)
                0x0000000000004084                z_impl_k_thread_start
 .text.sys_dlist_remove
                0x0000000000004088       0x10 zephyr/kernel/libkernel.a(sched.c.obj)
 .text.unpend_thread_no_timeout
                0x0000000000004098       0x14 zephyr/kernel/libkernel.a(sched.c.obj)
 .text.add_to_waitq_locked
                0x00000000000040ac       0x50 zephyr/kernel/libkernel.a(sched.c.obj)
 .text.z_ready_thread
                0x00000000000040fc       0x1e zephyr/kernel/libkernel.a(sched.c.obj)
                0x00000000000040fc                z_ready_thread
 .text.z_impl_k_thread_suspend
                0x000000000000411a       0x34 zephyr/kernel/libkernel.a(sched.c.obj)
                0x000000000000411a                z_impl_k_thread_suspend
 .text.z_sched_wake_thread
                0x000000000000414e       0x42 zephyr/kernel/libkernel.a(sched.c.obj)
                0x000000000000414e                z_sched_wake_thread
 .text.z_thread_timeout
                0x0000000000004190        0x8 zephyr/kernel/libkernel.a(sched.c.obj)
                0x0000000000004190                z_thread_timeout
 .text.z_unpend_first_thread
                0x0000000000004198       0x36 zephyr/kernel/libkernel.a(sched.c.obj)
                0x0000000000004198                z_unpend_first_thread
 .text.z_thread_abort
                0x00000000000041ce       0x44 zephyr/kernel/libkernel.a(sched.c.obj)
                0x00000000000041ce                z_thread_abort
 .text.z_abort_timeout
                0x0000000000004212       0x2a zephyr/kernel/libkernel.a(timeout.c.obj)
                0x0000000000004212                z_abort_timeout
 .text.sys_clock_tick_get_32
                0x000000000000423c        0x8 zephyr/kernel/libkernel.a(timeout.c.obj)
                0x000000000000423c                sys_clock_tick_get_32
 .text.memcpy   0x0000000000004244       0x1c /opt/nordic/ncs/toolchains/15b490767d/opt/zephyr-sdk/arm-zephyr-eabi/bin/../lib/gcc/../../picolibc/arm-zephyr-eabi/lib/thumb/v7e-m/nofp/libc.a(memcpy.c.o)
                0x0000000000004244                memcpy
                0x0000000000004244                __aeabi_memcpy
                0x0000000000004244                __aeabi_memcpy4
                0x0000000000004244                __aeabi_memcpy8
 .text.memset   0x0000000000004260       0x10 /opt/nordic/ncs/toolchains/15b490767d/opt/zephyr-sdk/arm-zephyr-eabi/bin/../lib/gcc/../../picolibc/arm-zephyr-eabi/lib/thumb/v7e-m/nofp/libc.a(memset.c.o)
                0x0000000000004260                memset
 .text.strnlen  0x0000000000004270       0x18 /opt/nordic/ncs/toolchains/15b490767d/opt/zephyr-sdk/arm-zephyr-eabi/bin/../lib/gcc/../../picolibc/arm-zephyr-eabi/lib/thumb/v7e-m/nofp/libc.a(libc_string_strnlen.c.o)
                0x0000000000004270                strnlen
 .text.__ultoa_invert
                0x0000000000004288       0xae /opt/nordic/ncs/toolchains/15b490767d/opt/zephyr-sdk/arm-zephyr-eabi/bin/../lib/gcc/../../picolibc/arm-zephyr-eabi/lib/thumb/v7e-m/nofp/libc.a(libc_tinystdio_vflprintf.c.o)
 *(SORT_BY_ALIGNMENT(.TEXT.*))
 *fill*         0x0000000000004336        0x2 
 .TEXT.__aeabi_read_tp
                0x0000000000004338        0xc zephyr/arch/arch/arm/core/cortex_m/libarch__arm__core__cortex_m.a(__aeabi_read_tp.S.obj)
                0x0000000000004338                __aeabi_read_tp
 *(SORT_BY_ALIGNMENT(.gnu.linkonce.t.*))
 *(SORT_BY_ALIGNMENT(.glue_7t))
 .glue_7t       0x0000000000004344        0x0 linker stubs
 *(SORT_BY_ALIGNMENT(.glue_7))
 .glue_7        0x0000000000004344        0x0 linker stubs
 *(SORT_BY_ALIGNMENT(.vfp11_veneer))
 .vfp11_veneer  0x0000000000004344        0x0 linker stubs
 *(SORT_BY_ALIGNMENT(.v4_bx))
 .v4_bx         0x0000000000004344        0x0 linker stubs
                0x0000000000004344                . = ALIGN (0x4)
                0x0000000000004344                __text_region_end = .

.ARM.exidx      0x0000000000004344        0x8
                0x0000000000004344                __exidx_start = .
 *(SORT_BY_ALIGNMENT(.ARM.exidx*) SORT_BY_ALIGNMENT(gnu.linkonce.armexidx.*))
 .ARM.exidx     0x0000000000004344        0x8 /opt/nordic/ncs/toolchains/15b490767d/opt/zephyr-sdk/arm-zephyr-eabi/bin/../lib/gcc/arm-zephyr-eabi/12.2.0/thumb/v7e-m/nofp/libgcc.a(_udivmoddi4.o)
                0x000000000000434c                __exidx_end = .
                0x000000000000434c                __rodata_region_start = .

initlevel       0x000000000000434c       0x38
                0x000000000000434c                __init_start = .
                0x000000000000434c                __init_EARLY_start = .
 *(SORT_BY_NAME(SORT_BY_ALIGNMENT(.z_init_EARLY?_*)))
 *(SORT_BY_NAME(SORT_BY_ALIGNMENT(.z_init_EARLY??_*)))
                0x000000000000434c                __init_PRE_KERNEL_1_start = .
 *(SORT_BY_NAME(SORT_BY_ALIGNMENT(.z_init_PRE_KERNEL_1?_*)))
 .z_init_PRE_KERNEL_10_0_
                0x000000000000434c        0x8 zephyr/soc/soc/nrf52833/libsoc__nordic.a(soc.c.obj)
 *(SORT_BY_NAME(SORT_BY_ALIGNMENT(.z_init_PRE_KERNEL_1??_*)))
 .z_init_PRE_KERNEL_130_00017_
                0x0000000000004354        0x8 zephyr/drivers/clock_control/libdrivers__clock_control.a(clock_control_nrf.c.obj)
                0x000000000000435c                __init_PRE_KERNEL_2_start = .
 *(SORT_BY_NAME(SORT_BY_ALIGNMENT(.z_init_PRE_KERNEL_2?_*)))
 .z_init_PRE_KERNEL_20_0_
                0x000000000000435c        0x8 zephyr/drivers/timer/libdrivers__timer.a(nrf_rtc_timer.c.obj)
 *(SORT_BY_NAME(SORT_BY_ALIGNMENT(.z_init_PRE_KERNEL_2??_*)))
                0x0000000000004364                __init_POST_KERNEL_start = .
 *(SORT_BY_NAME(SORT_BY_ALIGNMENT(.z_init_POST_KERNEL?_*)))
 *(SORT_BY_NAME(SORT_BY_ALIGNMENT(.z_init_POST_KERNEL??_*)))
 .z_init_POST_KERNEL35_0_
                0x0000000000004364        0x8 zephyr/lib/libc/common/liblib__libc__common.a(malloc.c.obj)
 .z_init_POST_KERNEL50_00068_
                0x000000000000436c        0x8 zephyr/drivers/i2c/libdrivers__i2c.a(i2c_nrfx_twim.c.obj)
 .z_init_POST_KERNEL90_00049_
                0x0000000000004374        0x8 zephyr/drivers/sensor/nordic/temp/libdrivers__sensor__nordic__temp.a(temp_nrf5.c.obj)
 .z_init_POST_KERNEL90_00069_
                0x000000000000437c        0x8 zephyr/drivers/sensor/tdk/mpu6050/libdrivers__sensor__tdk__mpu6050.a(mpu6050.c.obj)
                0x0000000000004384                __init_APPLICATION_start = .
 *(SORT_BY_NAME(SORT_BY_ALIGNMENT(.z_init_APPLICATION?_*)))
 *(SORT_BY_NAME(SORT_BY_ALIGNMENT(.z_init_APPLICATION??_*)))
                0x0000000000004384                __init_SMP_start = .
 *(SORT_BY_NAME(SORT_BY_ALIGNMENT(.z_init_SMP?_*)))
 *(SORT_BY_NAME(SORT_BY_ALIGNMENT(.z_init_SMP??_*)))
                0x0000000000004384                __init_end = .
                0x0000000000004384                __deferred_init_list_start = .
 *(SORT_BY_ALIGNMENT(.z_deferred_init*))
                0x0000000000004384                __deferred_init_list_end = .

device_area     0x0000000000004384       0x50
                0x0000000000004384                _device_list_start = .
 *(SORT_BY_NAME(SORT_BY_ALIGNMENT(._device.static.*_?_*)))
 *(SORT_BY_NAME(SORT_BY_ALIGNMENT(._device.static.*_??_*)))
 ._device.static.1_30_
                0x0000000000004384       0x14 zephyr/drivers/clock_control/libdrivers__clock_control.a(clock_control_nrf.c.obj)
                0x0000000000004384                __device_dts_ord_17
 ._device.static.3_50_
                0x0000000000004398       0x14 zephyr/drivers/i2c/libdrivers__i2c.a(i2c_nrfx_twim.c.obj)
                0x0000000000004398                __device_dts_ord_68
 ._device.static.3_90_
                0x00000000000043ac       0x14 zephyr/drivers/sensor/nordic/temp/libdrivers__sensor__nordic__temp.a(temp_nrf5.c.obj)
                0x00000000000043ac                __device_dts_ord_49
 ._device.static.3_90_
                0x00000000000043c0       0x14 zephyr/drivers/sensor/tdk/mpu6050/libdrivers__sensor__tdk__mpu6050.a(mpu6050.c.obj)
                0x00000000000043c0                __device_dts_ord_69
                0x00000000000043d4                _device_list_end = .

sw_isr_table    0x00000000000043d4      0x180
                0x00000000000043d4                . = ALIGN (0x4)
 *(SORT_BY_ALIGNMENT(.gnu.linkonce.sw_isr_table*))
 .gnu.linkonce.sw_isr_table
                0x00000000000043d4      0x180 zephyr/arch/common/libisr_tables.a(isr_tables.c.obj)
                0x00000000000043d4                _sw_isr_table

initlevel_error
                0x000000000000434c        0x0
 *(SORT_BY_NAME(SORT_BY_ALIGNMENT(.z_init_[_A-Z0-9]*)))
                0x0000000000000001                ASSERT ((SIZEOF (initlevel_error) == 0x0), Undefined initialization levels used.)

app_shmem_regions
                0x0000000000004554        0x0
                0x0000000000004554                __app_shmem_regions_start = .
 *(SORT_BY_NAME(SORT_BY_ALIGNMENT(.app_regions.*)))
                0x0000000000004554                __app_shmem_regions_end = .

k_p4wq_initparam_area
                0x0000000000004554        0x0
                0x0000000000004554                _k_p4wq_initparam_list_start = .
 *(SORT_BY_NAME(SORT_BY_ALIGNMENT(._k_p4wq_initparam.static.*)))
                0x0000000000004554                _k_p4wq_initparam_list_end = .

_static_thread_data_area
                0x0000000000004554        0x0
                0x0000000000004554                __static_thread_data_list_start = .
 *(SORT_BY_NAME(SORT_BY_ALIGNMENT(.__static_thread_data.static.*)))
                0x0000000000004554                __static_thread_data_list_end = .

device_deps     0x0000000000004554        0x0
                0x0000000000004554                __device_deps_start = .
 *(SORT_BY_NAME(SORT_BY_ALIGNMENT(.__device_deps_pass2*)))
                0x0000000000004554                __device_deps_end = .

ztest           0x0000000000004554        0x0
                0x0000000000004554                _ztest_expected_result_entry_list_start = .
 *(SORT_BY_NAME(SORT_BY_ALIGNMENT(._ztest_expected_result_entry.static.*)))
                0x0000000000004554                _ztest_expected_result_entry_list_end = .
                0x0000000000004554                _ztest_suite_node_list_start = .
 *(SORT_BY_NAME(SORT_BY_ALIGNMENT(._ztest_suite_node.static.*)))
                0x0000000000004554                _ztest_suite_node_list_end = .
                0x0000000000004554                _ztest_unit_test_list_start = .
 *(SORT_BY_NAME(SORT_BY_ALIGNMENT(._ztest_unit_test.static.*)))
                0x0000000000004554                _ztest_unit_test_list_end = .
                0x0000000000004554                _ztest_test_rule_list_start = .
 *(SORT_BY_NAME(SORT_BY_ALIGNMENT(._ztest_test_rule.static.*)))
                0x0000000000004554                _ztest_test_rule_list_end = .

init_array      0x0000000000004554        0x0
 *(SORT_BY_NAME(SORT_BY_ALIGNMENT(.ctors*)))
 *(SORT_BY_NAME(SORT_BY_ALIGNMENT(.init_array*)))
                0x0000000000000001                ASSERT ((SIZEOF (init_array) == 0x0), GNU-style constructors required but STATIC_INIT_GNU not enabled)

bt_l2cap_fixed_chan_area
                0x0000000000004554        0x0
                0x0000000000004554                _bt_l2cap_fixed_chan_list_start = .
 *(SORT_BY_NAME(SORT_BY_ALIGNMENT(._bt_l2cap_fixed_chan.static.*)))
                0x0000000000004554                _bt_l2cap_fixed_chan_list_end = .

bt_gatt_service_static_area
                0x0000000000004554        0x0
                0x0000000000004554                _bt_gatt_service_static_list_start = .
 *(SORT_BY_NAME(SORT_BY_ALIGNMENT(._bt_gatt_service_static.static.*)))
                0x0000000000004554                _bt_gatt_service_static_list_end = .

log_strings_area
                0x0000000000004554        0x0
                0x0000000000004554                _log_strings_list_start = .
 *(SORT_BY_NAME(SORT_BY_ALIGNMENT(._log_strings.static.*)))
                0x0000000000004554                _log_strings_list_end = .

log_const_area  0x0000000000004554        0x0
                0x0000000000004554                _log_const_list_start = .
 *(SORT_BY_NAME(SORT_BY_ALIGNMENT(._log_const.static.*)))
                0x0000000000004554                _log_const_list_end = .

log_backend_area
                0x0000000000004554        0x0
                0x0000000000004554                _log_backend_list_start = .
 *(SORT_BY_NAME(SORT_BY_ALIGNMENT(._log_backend.static.*)))
                0x0000000000004554                _log_backend_list_end = .

log_link_area   0x0000000000004554        0x0
                0x0000000000004554                _log_link_list_start = .
 *(SORT_BY_NAME(SORT_BY_ALIGNMENT(._log_link.static.*)))
                0x0000000000004554                _log_link_list_end = .

tracing_backend_area
                0x0000000000004554        0x0
                0x0000000000004554                _tracing_backend_list_start = .
 *(SORT_BY_NAME(SORT_BY_ALIGNMENT(._tracing_backend.static.*)))
                0x0000000000004554                _tracing_backend_list_end = .

zephyr_dbg_info
 *(SORT_BY_ALIGNMENT(.dbg_thread_info))

intc_table_area
                0x0000000000004554        0x0
                0x0000000000004554                _intc_table_list_start = .
 *(SORT_BY_NAME(SORT_BY_ALIGNMENT(._intc_table.static.*)))
                0x0000000000004554                _intc_table_list_end = .

symbol_to_keep  0x0000000000004554        0x0
                0x0000000000004554                __symbol_to_keep_start = .
 *(SORT_BY_NAME(SORT_BY_ALIGNMENT(.symbol_to_keep*)))
                0x0000000000004554                __symbol_to_keep_end = .

shell_area      0x0000000000004554        0x0
                0x0000000000004554                _shell_list_start = .
 *(SORT_BY_NAME(SORT_BY_ALIGNMENT(._shell.static.*)))
                0x0000000000004554                _shell_list_end = .

shell_root_cmds_area
                0x0000000000004554        0x0
                0x0000000000004554                _shell_root_cmds_list_start = .
 *(SORT_BY_NAME(SORT_BY_ALIGNMENT(._shell_root_cmds.static.*)))
                0x0000000000004554                _shell_root_cmds_list_end = .

shell_subcmds_area
                0x0000000000004554        0x0
                0x0000000000004554                _shell_subcmds_list_start = .
 *(SORT_BY_NAME(SORT_BY_ALIGNMENT(._shell_subcmds.static.*)))
                0x0000000000004554                _shell_subcmds_list_end = .

shell_dynamic_subcmds_area
                0x0000000000004554        0x0
                0x0000000000004554                _shell_dynamic_subcmds_list_start = .
 *(SORT_BY_NAME(SORT_BY_ALIGNMENT(._shell_dynamic_subcmds.static.*)))
                0x0000000000004554                _shell_dynamic_subcmds_list_end = .

cfb_font_area   0x0000000000004554        0x0
                0x0000000000004554                _cfb_font_list_start = .
 *(SORT_BY_NAME(SORT_BY_ALIGNMENT(._cfb_font.static.*)))
                0x0000000000004554                _cfb_font_list_end = .

tdata           0x0000000000004554        0x0
 *(SORT_BY_ALIGNMENT(.tdata) SORT_BY_ALIGNMENT(.tdata.*) SORT_BY_ALIGNMENT(.gnu.linkonce.td.*))

tbss            0x0000000000004554        0x4
 *(SORT_BY_ALIGNMENT(.tbss) SORT_BY_ALIGNMENT(.tbss.*) SORT_BY_ALIGNMENT(.gnu.linkonce.tb.*) SORT_BY_ALIGNMENT(.tcommon))
 .tbss.z_tls_current
                0x0000000000004554        0x4 zephyr/libzephyr.a(thread_entry.c.obj)
                0x0000000000004554                z_tls_current
                0x0000000000004554                PROVIDE (__tdata_start = LOADADDR (tdata))
                0x0000000000000001                PROVIDE (__tdata_align = ALIGNOF (tdata))
                0x0000000000000000                PROVIDE (__tdata_size = (((SIZEOF (tdata) + __tdata_align) - 0x1) & ~ ((__tdata_align - 0x1))))
                [!provide]                        PROVIDE (__tdata_end = (__tdata_start + __tdata_size))
                0x0000000000000004                PROVIDE (__tbss_align = ALIGNOF (tbss))
                [!provide]                        PROVIDE (__tbss_start = ADDR (tbss))
                0x0000000000000004                PROVIDE (__tbss_size = (((SIZEOF (tbss) + __tbss_align) - 0x1) & ~ ((__tbss_align - 0x1))))
                [!provide]                        PROVIDE (__tbss_end = (__tbss_start + __tbss_size))
                [!provide]                        PROVIDE (__tls_start = __tdata_start)
                [!provide]                        PROVIDE (__tls_end = __tbss_end)
                [!provide]                        PROVIDE (__tls_size = (__tbss_end - __tdata_start))

rodata          0x0000000000004560      0x1e4
 *(SORT_BY_ALIGNMENT(.rodata))
 *(SORT_BY_ALIGNMENT(.rodata.*))
 .rodata.delay_machine_code.0
                0x0000000000004560        0x6 zephyr/soc/soc/nrf52833/libsoc__nordic.a(soc.c.obj)
 *fill*         0x0000000000004566        0x2 
 .rodata.transitions.0
                0x0000000000004568        0xc zephyr/drivers/clock_control/libdrivers__clock_control.a(clock_control_nrf.c.obj)
 .rodata.config
                0x0000000000004574       0x10 zephyr/drivers/clock_control/libdrivers__clock_control.a(clock_control_nrf.c.obj)
 .rodata.clock_control_api
                0x0000000000004584       0x1c zephyr/drivers/clock_control/libdrivers__clock_control.a(clock_control_nrf.c.obj)
 .rodata.twim_0z_config
                0x00000000000045a0       0x30 zephyr/drivers/i2c/libdrivers__i2c.a(i2c_nrfx_twim.c.obj)
 .rodata.__pinctrl_dev_config__device_dts_ord_68
                0x00000000000045d0        0xc zephyr/drivers/i2c/libdrivers__i2c.a(i2c_nrfx_twim.c.obj)
 .rodata.__pinctrl_states__device_dts_ord_68
                0x00000000000045dc        0x8 zephyr/drivers/i2c/libdrivers__i2c.a(i2c_nrfx_twim.c.obj)
 .rodata.__pinctrl_state_pins_0__device_dts_ord_68
                0x00000000000045e4        0x8 zephyr/drivers/i2c/libdrivers__i2c.a(i2c_nrfx_twim.c.obj)
 .rodata.i2c_nrfx_twim_driver_api
                0x00000000000045ec       0x18 zephyr/drivers/i2c/libdrivers__i2c.a(i2c_nrfx_twim.c.obj)
 .rodata.temp_nrf5_driver_api
                0x0000000000004604       0x1c zephyr/drivers/sensor/nordic/temp/libdrivers__sensor__nordic__temp.a(temp_nrf5.c.obj)
 .rodata.mpu6050_config_0
                0x0000000000004620        0x8 zephyr/drivers/sensor/tdk/mpu6050/libdrivers__sensor__tdk__mpu6050.a(mpu6050.c.obj)
 .rodata.mpu6050_driver_api
                0x0000000000004628       0x1c zephyr/drivers/sensor/tdk/mpu6050/libdrivers__sensor__tdk__mpu6050.a(mpu6050.c.obj)
 .rodata.levels.0
                0x0000000000004644       0x18 zephyr/kernel/libkernel.a(init.c.obj)
 .rodata.boot_banner.str1.1
                0x000000000000465c       0x96 zephyr/libzephyr.a(banner.c.obj)
 .rodata.str1.1
                0x00000000000046f2        0xf zephyr/drivers/clock_control/libdrivers__clock_control.a(clock_control_nrf.c.obj)
 .rodata.str1.1
                0x0000000000004701        0xd zephyr/drivers/i2c/libdrivers__i2c.a(i2c_nrfx_twim.c.obj)
 .rodata.drive_modes
                0x000000000000470e        0x8 zephyr/drivers/pinctrl/libdrivers__pinctrl.a(pinctrl_nrf.c.obj)
 .rodata.str1.1
                0x0000000000004716        0xe zephyr/drivers/sensor/nordic/temp/libdrivers__sensor__nordic__temp.a(temp_nrf5.c.obj)
 .rodata.str1.1
                0x0000000000004724        0xb zephyr/drivers/sensor/tdk/mpu6050/libdrivers__sensor__tdk__mpu6050.a(mpu6050.c.obj)
 .rodata.z_cstart.str1.1
                0x000000000000472f        0x5 zephyr/kernel/libkernel.a(init.c.obj)
 .rodata.__l_vfprintf.str1.1
                0x0000000000004734        0xf /opt/nordic/ncs/toolchains/15b490767d/opt/zephyr-sdk/arm-zephyr-eabi/bin/../lib/gcc/../../picolibc/arm-zephyr-eabi/lib/thumb/v7e-m/nofp/libc.a(libc_tinystdio_vflprintf.c.o)
 *(SORT_BY_ALIGNMENT(.gnu.linkonce.r.*))
                0x0000000000004744                . = ALIGN (0x4)
 *fill*         0x0000000000004743        0x1 
                0x0000000000004744                __rodata_region_end = .
                0x0000000000004744                . = ALIGN (_region_min_align)
                0x0000000000004744                __rom_region_end = ((__rom_region_start + .) - ADDR (rom_start))

/DISCARD/
 *(SORT_BY_ALIGNMENT(.got.plt))
 *(SORT_BY_ALIGNMENT(.igot.plt))
 *(SORT_BY_ALIGNMENT(.got))
 *(SORT_BY_ALIGNMENT(.igot))
                0x0000000020000000                . = 0x20000000
                0x0000000020000000                . = ALIGN (_region_min_align)
                0x0000000020000000                _image_ram_start = .

.ramfunc        0x0000000020000000        0x0 load address 0x0000000000004744
                0x0000000020000000                . = ALIGN (_region_min_align)
                0x0000000020000000                __ramfunc_start = .
 *(SORT_BY_ALIGNMENT(.ramfunc))
 *(SORT_BY_ALIGNMENT(.ramfunc.*))
                0x0000000020000000                . = ALIGN (_region_min_align)
                0x0000000020000000                __ramfunc_end = .
                0x0000000000000000                __ramfunc_size = (__ramfunc_end - __ramfunc_start)
                0x0000000000004744                __ramfunc_load_start = LOADADDR (.ramfunc)

datas           0x0000000020000000        0xc load address 0x0000000000004744
                0x0000000020000000                __data_region_start = .
                0x0000000020000000                __data_start = .
 *(SORT_BY_ALIGNMENT(.data))
 *(SORT_BY_ALIGNMENT(.data.*))
 .data._char_out
                0x0000000020000000        0x4 zephyr/libzephyr.a(printk.c.obj)
 .data.timeout_list
                0x0000000020000004        0x8 zephyr/kernel/libkernel.a(timeout.c.obj)
 *(SORT_BY_ALIGNMENT(.kernel.*))
                0x000000002000000c                __data_end = .
                0x000000000000000c                __data_size = (__data_end - __data_start)
                0x0000000000004744                __data_load_start = LOADADDR (datas)
                0x0000000000004744                __data_region_load_start = LOADADDR (datas)

device_states   0x000000002000000c        0x8 load address 0x0000000000004750
                0x000000002000000c                __device_states_start = .
 *(SORT_BY_ALIGNMENT(.z_devstate))
 .z_devstate    0x000000002000000c        0x2 zephyr/drivers/clock_control/libdrivers__clock_control.a(clock_control_nrf.c.obj)
 .z_devstate    0x000000002000000e        0x2 zephyr/drivers/i2c/libdrivers__i2c.a(i2c_nrfx_twim.c.obj)
 .z_devstate    0x0000000020000010        0x2 zephyr/drivers/sensor/nordic/temp/libdrivers__sensor__nordic__temp.a(temp_nrf5.c.obj)
 .z_devstate    0x0000000020000012        0x2 zephyr/drivers/sensor/tdk/mpu6050/libdrivers__sensor__tdk__mpu6050.a(mpu6050.c.obj)
 *(SORT_BY_ALIGNMENT(.z_devstate.*))
                0x0000000020000014                __device_states_end = .

log_mpsc_pbuf_area
                0x0000000020000014        0x0 load address 0x0000000000004758
                0x0000000020000014                _log_mpsc_pbuf_list_start = .
 *(SORT_BY_NAME(SORT_BY_ALIGNMENT(._log_mpsc_pbuf.static.*)))
                0x0000000020000014                _log_mpsc_pbuf_list_end = .

log_msg_ptr_area
                0x0000000020000014        0x0 load address 0x0000000000004758
                0x0000000020000014                _log_msg_ptr_list_start = .
 *(SORT_BY_NAME(SORT_BY_ALIGNMENT(._log_msg_ptr.static.*)))
                0x0000000020000014                _log_msg_ptr_list_end = .

log_dynamic_area
                0x0000000020000014        0x0 load address 0x0000000000004758
                0x0000000020000014                _log_dynamic_list_start = .
 *(SORT_BY_NAME(SORT_BY_ALIGNMENT(._log_dynamic.static.*)))
                0x0000000020000014                _log_dynamic_list_end = .

k_timer_area    0x0000000020000014        0x0 load address 0x0000000000004758
                0x0000000020000014                _k_timer_list_start = .
 *(SORT_BY_NAME(SORT_BY_ALIGNMENT(._k_timer.static.*)))
                0x0000000020000014                _k_timer_list_end = .

k_mem_slab_area
                0x0000000020000014        0x0 load address 0x0000000000004758
                0x0000000020000014                _k_mem_slab_list_start = .
 *(SORT_BY_NAME(SORT_BY_ALIGNMENT(._k_mem_slab.static.*)))
                0x0000000020000014                _k_mem_slab_list_end = .

k_heap_area     0x0000000020000014        0x0 load address 0x0000000000004758
                0x0000000020000014                _k_heap_list_start = .
 *(SORT_BY_NAME(SORT_BY_ALIGNMENT(._k_heap.static.*)))
                0x0000000020000014                _k_heap_list_end = .

k_mutex_area    0x0000000020000014        0x0 load address 0x0000000000004758
                0x0000000020000014                _k_mutex_list_start = .
 *(SORT_BY_NAME(SORT_BY_ALIGNMENT(._k_mutex.static.*)))
                0x0000000020000014                _k_mutex_list_end = .

k_stack_area    0x0000000020000014        0x0 load address 0x0000000000004758
                0x0000000020000014                _k_stack_list_start = .
 *(SORT_BY_NAME(SORT_BY_ALIGNMENT(._k_stack.static.*)))
                0x0000000020000014                _k_stack_list_end = .

k_msgq_area     0x0000000020000014        0x0 load address 0x0000000000004758
                0x0000000020000014                _k_msgq_list_start = .
 *(SORT_BY_NAME(SORT_BY_ALIGNMENT(._k_msgq.static.*)))
                0x0000000020000014                _k_msgq_list_end = .

k_mbox_area     0x0000000020000014        0x0 load address 0x0000000000004758
                0x0000000020000014                _k_mbox_list_start = .
 *(SORT_BY_NAME(SORT_BY_ALIGNMENT(._k_mbox.static.*)))
                0x0000000020000014                _k_mbox_list_end = .

k_pipe_area     0x0000000020000014        0x0 load address 0x0000000000004758
                0x0000000020000014                _k_pipe_list_start = .
 *(SORT_BY_NAME(SORT_BY_ALIGNMENT(._k_pipe.static.*)))
                0x0000000020000014                _k_pipe_list_end = .

k_sem_area      0x0000000020000014        0x0 load address 0x0000000000004758
                0x0000000020000014                _k_sem_list_start = .
 *(SORT_BY_NAME(SORT_BY_ALIGNMENT(._k_sem.static.*)))
                0x0000000020000014                _k_sem_list_end = .

k_event_area    0x0000000020000014        0x0 load address 0x0000000000004758
                0x0000000020000014                _k_event_list_start = .
 *(SORT_BY_NAME(SORT_BY_ALIGNMENT(._k_event.static.*)))
                0x0000000020000014                _k_event_list_end = .

k_queue_area    0x0000000020000014        0x0 load address 0x0000000000004758
                0x0000000020000014                _k_queue_list_start = .
 *(SORT_BY_NAME(SORT_BY_ALIGNMENT(._k_queue.static.*)))
                0x0000000020000014                _k_queue_list_end = .

k_fifo_area     0x0000000020000014        0x0 load address 0x0000000000004758
                0x0000000020000014                _k_fifo_list_start = .
 *(SORT_BY_NAME(SORT_BY_ALIGNMENT(._k_fifo.static.*)))
                0x0000000020000014                _k_fifo_list_end = .

k_lifo_area     0x0000000020000014        0x0 load address 0x0000000000004758
                0x0000000020000014                _k_lifo_list_start = .
 *(SORT_BY_NAME(SORT_BY_ALIGNMENT(._k_lifo.static.*)))
                0x0000000020000014                _k_lifo_list_end = .

k_condvar_area  0x0000000020000014        0x0 load address 0x0000000000004758
                0x0000000020000014                _k_condvar_list_start = .
 *(SORT_BY_NAME(SORT_BY_ALIGNMENT(._k_condvar.static.*)))
                0x0000000020000014                _k_condvar_list_end = .

sys_mem_blocks_ptr_area
                0x0000000020000014        0x0 load address 0x0000000000004758
                0x0000000020000014                _sys_mem_blocks_ptr_list_start = .
 *(SORT_BY_NAME(SORT_BY_ALIGNMENT(._sys_mem_blocks_ptr.static.*)))
                0x0000000020000014                _sys_mem_blocks_ptr_list_end = .

net_buf_pool_area
                0x0000000020000014        0x0 load address 0x0000000000004758
                0x0000000020000014                _net_buf_pool_list_start = .
 *(SORT_BY_NAME(SORT_BY_ALIGNMENT(._net_buf_pool.static.*)))
                0x0000000020000014                _net_buf_pool_list_end = .
                0x0000000020000014                __data_region_end = .

bss             0x0000000020000018      0x2ea
                0x0000000020000018                . = ALIGN (0x4)
                0x0000000020000018                __bss_start = .
                0x0000000020000018                __kernel_ram_start = .
 *(SORT_BY_ALIGNMENT(.bss))
 *(SORT_BY_ALIGNMENT(.bss.*))
 .bss.cc_data   0x0000000020000018       0x10 zephyr/drivers/timer/libdrivers__timer.a(nrf_rtc_timer.c.obj)
 .bss.last_count
                0x0000000020000028        0x8 zephyr/drivers/timer/libdrivers__timer.a(nrf_rtc_timer.c.obj)
 .bss.anchor    0x0000000020000030        0x8 zephyr/drivers/timer/libdrivers__timer.a(nrf_rtc_timer.c.obj)
 .bss.z_idle_threads
                0x0000000020000038       0x70 zephyr/kernel/libkernel.a(init.c.obj)
                0x0000000020000038                z_idle_threads
 .bss.z_main_thread
                0x00000000200000a8       0x70 zephyr/kernel/libkernel.a(init.c.obj)
                0x00000000200000a8                z_main_thread
 .bss._thread_dummy
                0x0000000020000118       0x70 zephyr/kernel/libkernel.a(sched.c.obj)
                0x0000000020000118                _thread_dummy
 .bss.slice_timeouts
                0x0000000020000188       0x18 zephyr/kernel/libkernel.a(timeslicing.c.obj)
 .bss.curr_tick
                0x00000000200001a0        0x8 zephyr/kernel/libkernel.a(timeout.c.obj)
 .bss.z_arm_tls_ptr
                0x00000000200001a8        0x4 zephyr/arch/arch/arm/core/libarch__arm__core.a(tls.c.obj)
                0x00000000200001a8                z_arm_tls_ptr
 .bss.z_malloc_heap
                0x00000000200001ac        0xc zephyr/lib/libc/common/liblib__libc__common.a(malloc.c.obj)
 .bss.cli.1     0x00000000200001b8       0x10 zephyr/drivers/clock_control/libdrivers__clock_control.a(clock_control_nrf.c.obj)
 .bss.on.2      0x00000000200001c8        0x4 zephyr/drivers/clock_control/libdrivers__clock_control.a(clock_control_nrf.c.obj)
 .bss.data      0x00000000200001cc       0x50 zephyr/drivers/clock_control/libdrivers__clock_control.a(clock_control_nrf.c.obj)
 .bss.hfclk_users
                0x000000002000021c        0x4 zephyr/drivers/clock_control/libdrivers__clock_control.a(clock_control_nrf.c.obj)
 .bss.twim_0_data
                0x0000000020000220       0x24 zephyr/drivers/i2c/libdrivers__i2c.a(i2c_nrfx_twim.c.obj)
 .bss.temp_nrf5_data_0
                0x0000000020000244       0x2c zephyr/drivers/sensor/nordic/temp/libdrivers__sensor__nordic__temp.a(temp_nrf5.c.obj)
 .bss.force_isr_mask
                0x0000000020000270        0x4 zephyr/drivers/timer/libdrivers__timer.a(nrf_rtc_timer.c.obj)
 .bss.int_mask  0x0000000020000274        0x4 zephyr/drivers/timer/libdrivers__timer.a(nrf_rtc_timer.c.obj)
 .bss.overflow_cnt
                0x0000000020000278        0x4 zephyr/drivers/timer/libdrivers__timer.a(nrf_rtc_timer.c.obj)
 .bss.m_clock_cb
                0x000000002000027c        0x8 modules/hal_nordic/nrfx/libmodules__hal_nordic__nrfx.a(nrfx_clock.c.obj)
 .bss.m_cb      0x0000000020000284       0x28 modules/hal_nordic/nrfx/libmodules__hal_nordic__nrfx.a(nrfx_twim.c.obj)
 .bss._kernel   0x00000000200002ac       0x20 zephyr/kernel/libkernel.a(init.c.obj)
                0x00000000200002ac                _kernel
 .bss.pending_current
                0x00000000200002cc        0x4 zephyr/kernel/libkernel.a(timeslicing.c.obj)
                0x00000000200002cc                pending_current
 .bss.slice_max_prio
                0x00000000200002d0        0x4 zephyr/kernel/libkernel.a(timeslicing.c.obj)
 .bss.slice_ticks
                0x00000000200002d4        0x4 zephyr/kernel/libkernel.a(timeslicing.c.obj)
 .bss.announce_remaining
                0x00000000200002d8        0x4 zephyr/kernel/libkernel.a(timeout.c.obj)
 .bss.mpu6050_data_0
                0x00000000200002dc       0x14 zephyr/drivers/sensor/tdk/mpu6050/libdrivers__sensor__tdk__mpu6050.a(mpu6050.c.obj)
 .bss.twim_0_msg_buf
                0x00000000200002f0       0x10 zephyr/drivers/i2c/libdrivers__i2c.a(i2c_nrfx_twim.c.obj)
 .bss.z_sys_post_kernel
                0x0000000020000300        0x1 zephyr/kernel/libkernel.a(init.c.obj)
                0x0000000020000300                z_sys_post_kernel
 .bss.lock      0x0000000020000301        0x0 zephyr/kernel/libkernel.a(mutex.c.obj)
 .bss.lock      0x0000000020000301        0x0 zephyr/kernel/libkernel.a(sem.c.obj)
 .bss._sched_spinlock
                0x0000000020000301        0x0 zephyr/kernel/libkernel.a(sched.c.obj)
                0x0000000020000301                _sched_spinlock
 .bss.slice_expired
                0x0000000020000301        0x1 zephyr/kernel/libkernel.a(timeslicing.c.obj)
 *(SORT_BY_ALIGNMENT(COMMON))
 *(SORT_BY_ALIGNMENT(.kernel_bss.*))
                0x0000000020000304                __bss_end = ALIGN (0x4)

noinit          0x0000000020000308      0xd40
 *(SORT_BY_ALIGNMENT(.noinit))
 *(SORT_BY_ALIGNMENT(.noinit.*))
 .noinit."WEST_TOPDIR/zephyr/kernel/init.c".2
                0x0000000020000308      0x800 zephyr/kernel/libkernel.a(init.c.obj)
                0x0000000020000308                z_interrupt_stacks
 .noinit."WEST_TOPDIR/zephyr/kernel/init.c".1
                0x0000000020000b08      0x140 zephyr/kernel/libkernel.a(init.c.obj)
 .noinit."WEST_TOPDIR/zephyr/kernel/init.c".0
                0x0000000020000c48      0x400 zephyr/kernel/libkernel.a(init.c.obj)
                0x0000000020000c48                z_main_stack
 *(SORT_BY_ALIGNMENT(.kernel_noinit.*))
                0x0000000020020000                __kernel_ram_end = 0x20020000
                0x000000000001ffe8                __kernel_ram_size = (__kernel_ram_end - __kernel_ram_start)
                0x0000000000001ae0                PROVIDE (soc_reset_hook = SystemInit)

.intList        0x00000000ffff8000       0x48
 *(SORT_BY_ALIGNMENT(.irq_info*))
 .irq_info      0x00000000ffff8000        0x8 zephyr/arch/common/libisr_tables.a(isr_tables.c.obj)
                0x00000000ffff8000                _iheader
 *(SORT_BY_ALIGNMENT(.intList*))
 .intList       0x00000000ffff8008       0x10 zephyr/drivers/clock_control/libdrivers__clock_control.a(clock_control_nrf.c.obj)
 .intList       0x00000000ffff8018       0x10 zephyr/drivers/i2c/libdrivers__i2c.a(i2c_nrfx_twim.c.obj)
 .intList       0x00000000ffff8028       0x10 zephyr/drivers/sensor/nordic/temp/libdrivers__sensor__nordic__temp.a(temp_nrf5.c.obj)
 .intList       0x00000000ffff8038       0x10 zephyr/drivers/timer/libdrivers__timer.a(nrf_rtc_timer.c.obj)

.last_ram_section
                0x0000000020001048        0x0
                0x0000000020001048                _image_ram_end = .
                0x0000000000001048                _image_ram_size = (_image_ram_end - _image_ram_start)
                0x0000000020001048                _end = .
                0x0000000020001048                z_mapped_end = .

.stab
 *(SORT_BY_ALIGNMENT(.stab))

.stabstr
 *(SORT_BY_ALIGNMENT(.stabstr))

.stab.excl
 *(SORT_BY_ALIGNMENT(.stab.excl))

.stab.exclstr
 *(SORT_BY_ALIGNMENT(.stab.exclstr))

.stab.index
 *(SORT_BY_ALIGNMENT(.stab.index))

.stab.indexstr
 *(SORT_BY_ALIGNMENT(.stab.indexstr))

.gnu.build.attributes
 *(SORT_BY_ALIGNMENT(.gnu.build.attributes) SORT_BY_ALIGNMENT(.gnu.build.attributes.*))

.comment        0x0000000000000000       0x20
 *(SORT_BY_ALIGNMENT(.comment))
 .comment       0x0000000000000000       0x20 zephyr/CMakeFiles/offsets.dir/./arch/arm/core/offsets/offsets.c.obj
                                         0x21 (size before relaxing)
 .comment       0x0000000000000020       0x21 app/libapp.a(main.c.obj)
 .comment       0x0000000000000020       0x21 zephyr/libzephyr.a(heap.c.obj)
 .comment       0x0000000000000020       0x21 zephyr/libzephyr.a(printk.c.obj)
 .comment       0x0000000000000020       0x21 zephyr/libzephyr.a(thread_entry.c.obj)
 .comment       0x0000000000000020       0x21 zephyr/libzephyr.a(onoff.c.obj)
 .comment       0x0000000000000020       0x21 zephyr/libzephyr.a(notify.c.obj)
 .comment       0x0000000000000020       0x21 zephyr/libzephyr.a(configs.c.obj)
 .comment       0x0000000000000020       0x21 zephyr/libzephyr.a(banner.c.obj)
 .comment       0x0000000000000020       0x21 zephyr/arch/arch/arm/core/libarch__arm__core.a(fatal.c.obj)
 .comment       0x0000000000000020       0x21 zephyr/arch/arch/arm/core/libarch__arm__core.a(nmi.c.obj)
 .comment       0x0000000000000020       0x21 zephyr/arch/arch/arm/core/libarch__arm__core.a(tls.c.obj)
 .comment       0x0000000000000020       0x21 zephyr/arch/arch/arm/core/cortex_m/libarch__arm__core__cortex_m.a(exc_exit.c.obj)
 .comment       0x0000000000000020       0x21 zephyr/arch/arch/arm/core/cortex_m/libarch__arm__core__cortex_m.a(fault.c.obj)
 .comment       0x0000000000000020       0x21 zephyr/arch/arch/arm/core/cortex_m/libarch__arm__core__cortex_m.a(scb.c.obj)
 .comment       0x0000000000000020       0x21 zephyr/arch/arch/arm/core/cortex_m/libarch__arm__core__cortex_m.a(thread_abort.c.obj)
 .comment       0x0000000000000020       0x21 zephyr/arch/arch/arm/core/cortex_m/libarch__arm__core__cortex_m.a(swap.c.obj)
 .comment       0x0000000000000020       0x21 zephyr/arch/arch/arm/core/cortex_m/libarch__arm__core__cortex_m.a(irq_manage.c.obj)
 .comment       0x0000000000000020       0x21 zephyr/arch/arch/arm/core/cortex_m/libarch__arm__core__cortex_m.a(prep_c.c.obj)
 .comment       0x0000000000000020       0x21 zephyr/arch/arch/arm/core/cortex_m/libarch__arm__core__cortex_m.a(thread.c.obj)
 .comment       0x0000000000000020       0x21 zephyr/arch/arch/arm/core/cortex_m/libarch__arm__core__cortex_m.a(cpu_idle.c.obj)
 .comment       0x0000000000000020       0x21 zephyr/arch/arch/arm/core/cortex_m/libarch__arm__core__cortex_m.a(irq_init.c.obj)
 .comment       0x0000000000000020       0x21 zephyr/arch/arch/arm/core/cortex_m/libarch__arm__core__cortex_m.a(isr_wrapper.c.obj)
 .comment       0x0000000000000020       0x21 zephyr/lib/libc/common/liblib__libc__common.a(malloc.c.obj)
 .comment       0x0000000000000020       0x21 zephyr/soc/soc/nrf52833/libsoc__nordic.a(soc.c.obj)
 .comment       0x0000000000000020       0x21 zephyr/drivers/clock_control/libdrivers__clock_control.a(clock_control_nrf.c.obj)
 .comment       0x0000000000000020       0x21 zephyr/drivers/i2c/libdrivers__i2c.a(i2c_nrfx_twim.c.obj)
 .comment       0x0000000000000020       0x21 zephyr/drivers/i2c/libdrivers__i2c.a(i2c_nrfx_twim_common.c.obj)
 .comment       0x0000000000000020       0x21 zephyr/drivers/pinctrl/libdrivers__pinctrl.a(common.c.obj)
 .comment       0x0000000000000020       0x21 zephyr/drivers/pinctrl/libdrivers__pinctrl.a(pinctrl_nrf.c.obj)
 .comment       0x0000000000000020       0x21 zephyr/drivers/sensor/nordic/temp/libdrivers__sensor__nordic__temp.a(temp_nrf5.c.obj)
 .comment       0x0000000000000020       0x21 zephyr/drivers/sensor/tdk/mpu6050/libdrivers__sensor__tdk__mpu6050.a(mpu6050.c.obj)
 .comment       0x0000000000000020       0x21 zephyr/drivers/timer/libdrivers__timer.a(nrf_rtc_timer.c.obj)
 .comment       0x0000000000000020       0x21 modules/hal_nordic/nrfx/libmodules__hal_nordic__nrfx.a(system_nrf52833.c.obj)
 .comment       0x0000000000000020       0x21 modules/hal_nordic/nrfx/libmodules__hal_nordic__nrfx.a(nrfx_glue.c.obj)
 .comment       0x0000000000000020       0x21 modules/hal_nordic/nrfx/libmodules__hal_nordic__nrfx.a(nrfx_clock.c.obj)
 .comment       0x0000000000000020       0x21 modules/hal_nordic/nrfx/libmodules__hal_nordic__nrfx.a(nrfx_twim.c.obj)
 .comment       0x0000000000000020       0x21 modules/hal_nordic/nrfx/libmodules__hal_nordic__nrfx.a(nrfx_twi_twim.c.obj)
 .comment       0x0000000000000020       0x21 zephyr/kernel/libkernel.a(busy_wait.c.obj)
 .comment       0x0000000000000020       0x21 zephyr/kernel/libkernel.a(device.c.obj)
 .comment       0x0000000000000020       0x21 zephyr/kernel/libkernel.a(fatal.c.obj)
 .comment       0x0000000000000020       0x21 zephyr/kernel/libkernel.a(init.c.obj)
 .comment       0x0000000000000020       0x21 zephyr/kernel/libkernel.a(init_static.c.obj)
 .comment       0x0000000000000020       0x21 zephyr/kernel/libkernel.a(idle.c.obj)
 .comment       0x0000000000000020       0x21 zephyr/kernel/libkernel.a(mutex.c.obj)
 .comment       0x0000000000000020       0x21 zephyr/kernel/libkernel.a(sem.c.obj)
 .comment       0x0000000000000020       0x21 zephyr/kernel/libkernel.a(thread.c.obj)
 .comment       0x0000000000000020       0x21 zephyr/kernel/libkernel.a(sched.c.obj)
 .comment       0x0000000000000020       0x21 zephyr/kernel/libkernel.a(timeslicing.c.obj)
 .comment       0x0000000000000020       0x21 zephyr/kernel/libkernel.a(xip.c.obj)
 .comment       0x0000000000000020       0x21 zephyr/kernel/libkernel.a(timeout.c.obj)
 .comment       0x0000000000000020       0x21 zephyr/arch/common/libisr_tables.a(isr_tables.c.obj)

.debug
 *(SORT_BY_ALIGNMENT(.debug))

.line
 *(SORT_BY_ALIGNMENT(.line))

.debug_srcinfo
 *(SORT_BY_ALIGNMENT(.debug_srcinfo))

.debug_sfnames
 *(SORT_BY_ALIGNMENT(.debug_sfnames))

.debug_aranges  0x0000000000000000      0xee8
 *(SORT_BY_ALIGNMENT(.debug_aranges))
 .debug_aranges
                0x0000000000000000       0x20 zephyr/arch/arch/arm/core/libarch__arm__core.a(nmi_on_reset.S.obj)
 .debug_aranges
                0x0000000000000020       0x20 zephyr/arch/arch/arm/core/cortex_m/libarch__arm__core__cortex_m.a(fault_s.S.obj)
 .debug_aranges
                0x0000000000000040       0x20 zephyr/arch/arch/arm/core/cortex_m/libarch__arm__core__cortex_m.a(reset.S.obj)
 .debug_aranges
                0x0000000000000060       0x28 zephyr/arch/arch/arm/core/cortex_m/libarch__arm__core__cortex_m.a(swap_helper.S.obj)
 .debug_aranges
                0x0000000000000088       0x20 zephyr/arch/arch/arm/core/cortex_m/libarch__arm__core__cortex_m.a(__aeabi_read_tp.S.obj)
 .debug_aranges
                0x00000000000000a8       0x20 zephyr/CMakeFiles/offsets.dir/./arch/arm/core/offsets/offsets.c.obj
 .debug_aranges
                0x00000000000000c8       0x20 app/libapp.a(main.c.obj)
 .debug_aranges
                0x00000000000000e8       0x88 zephyr/libzephyr.a(heap.c.obj)
 .debug_aranges
                0x0000000000000170       0x50 zephyr/libzephyr.a(printk.c.obj)
 .debug_aranges
                0x00000000000001c0       0x20 zephyr/libzephyr.a(thread_entry.c.obj)
 .debug_aranges
                0x00000000000001e0       0x90 zephyr/libzephyr.a(onoff.c.obj)
 .debug_aranges
                0x0000000000000270       0x28 zephyr/libzephyr.a(notify.c.obj)
 .debug_aranges
                0x0000000000000298       0x20 zephyr/libzephyr.a(configs.c.obj)
 .debug_aranges
                0x00000000000002b8       0x20 zephyr/libzephyr.a(banner.c.obj)
 .debug_aranges
                0x00000000000002d8       0x30 zephyr/arch/arch/arm/core/libarch__arm__core.a(fatal.c.obj)
 .debug_aranges
                0x0000000000000308       0x20 zephyr/arch/arch/arm/core/libarch__arm__core.a(nmi.c.obj)
 .debug_aranges
                0x0000000000000328       0x20 zephyr/arch/arch/arm/core/libarch__arm__core.a(tls.c.obj)
 .debug_aranges
                0x0000000000000348       0x20 zephyr/arch/arch/arm/core/cortex_m/libarch__arm__core__cortex_m.a(exc_exit.c.obj)
 .debug_aranges
                0x0000000000000368       0x40 zephyr/arch/arch/arm/core/cortex_m/libarch__arm__core__cortex_m.a(fault.c.obj)
 .debug_aranges
                0x00000000000003a8       0x28 zephyr/arch/arch/arm/core/cortex_m/libarch__arm__core__cortex_m.a(scb.c.obj)
 .debug_aranges
                0x00000000000003d0       0x20 zephyr/arch/arch/arm/core/cortex_m/libarch__arm__core__cortex_m.a(thread_abort.c.obj)
 .debug_aranges
                0x00000000000003f0       0x28 zephyr/arch/arch/arm/core/cortex_m/libarch__arm__core__cortex_m.a(swap.c.obj)
 .debug_aranges
                0x0000000000000418       0x40 zephyr/arch/arch/arm/core/cortex_m/libarch__arm__core__cortex_m.a(irq_manage.c.obj)
 .debug_aranges
                0x0000000000000458       0x20 zephyr/arch/arch/arm/core/cortex_m/libarch__arm__core__cortex_m.a(prep_c.c.obj)
 .debug_aranges
                0x0000000000000478       0x38 zephyr/arch/arch/arm/core/cortex_m/libarch__arm__core__cortex_m.a(thread.c.obj)
 .debug_aranges
                0x00000000000004b0       0x30 zephyr/arch/arch/arm/core/cortex_m/libarch__arm__core__cortex_m.a(cpu_idle.c.obj)
 .debug_aranges
                0x00000000000004e0       0x20 zephyr/arch/arch/arm/core/cortex_m/libarch__arm__core__cortex_m.a(irq_init.c.obj)
 .debug_aranges
                0x0000000000000500       0x20 zephyr/arch/arch/arm/core/cortex_m/libarch__arm__core__cortex_m.a(isr_wrapper.c.obj)
 .debug_aranges
                0x0000000000000520       0x60 zephyr/lib/libc/common/liblib__libc__common.a(malloc.c.obj)
 .debug_aranges
                0x0000000000000580       0x28 zephyr/soc/soc/nrf52833/libsoc__nordic.a(soc.c.obj)
 .debug_aranges
                0x00000000000005a8       0xc0 zephyr/drivers/clock_control/libdrivers__clock_control.a(clock_control_nrf.c.obj)
 .debug_aranges
                0x0000000000000668       0x38 zephyr/drivers/i2c/libdrivers__i2c.a(i2c_nrfx_twim.c.obj)
 .debug_aranges
                0x00000000000006a0       0x48 zephyr/drivers/i2c/libdrivers__i2c.a(i2c_nrfx_twim_common.c.obj)
 .debug_aranges
                0x00000000000006e8       0x20 zephyr/drivers/pinctrl/libdrivers__pinctrl.a(common.c.obj)
 .debug_aranges
                0x0000000000000708       0x20 zephyr/drivers/pinctrl/libdrivers__pinctrl.a(pinctrl_nrf.c.obj)
 .debug_aranges
                0x0000000000000728       0x40 zephyr/drivers/sensor/nordic/temp/libdrivers__sensor__nordic__temp.a(temp_nrf5.c.obj)
 .debug_aranges
                0x0000000000000768       0x40 zephyr/drivers/sensor/tdk/mpu6050/libdrivers__sensor__tdk__mpu6050.a(mpu6050.c.obj)
 .debug_aranges
                0x00000000000007a8       0xd8 zephyr/drivers/timer/libdrivers__timer.a(nrf_rtc_timer.c.obj)
 .debug_aranges
                0x0000000000000880       0x38 modules/hal_nordic/nrfx/libmodules__hal_nordic__nrfx.a(system_nrf52833.c.obj)
 .debug_aranges
                0x00000000000008b8       0x30 modules/hal_nordic/nrfx/libmodules__hal_nordic__nrfx.a(nrfx_glue.c.obj)
 .debug_aranges
                0x00000000000008e8       0x60 modules/hal_nordic/nrfx/libmodules__hal_nordic__nrfx.a(nrfx_clock.c.obj)
 .debug_aranges
                0x0000000000000948       0xa0 modules/hal_nordic/nrfx/libmodules__hal_nordic__nrfx.a(nrfx_twim.c.obj)
 .debug_aranges
                0x00000000000009e8       0x30 modules/hal_nordic/nrfx/libmodules__hal_nordic__nrfx.a(nrfx_twi_twim.c.obj)
 .debug_aranges
                0x0000000000000a18       0x20 zephyr/kernel/libkernel.a(busy_wait.c.obj)
 .debug_aranges
                0x0000000000000a38       0x38 zephyr/kernel/libkernel.a(device.c.obj)
 .debug_aranges
                0x0000000000000a70       0x38 zephyr/kernel/libkernel.a(fatal.c.obj)
 .debug_aranges
                0x0000000000000aa8       0x68 zephyr/kernel/libkernel.a(init.c.obj)
 .debug_aranges
                0x0000000000000b10       0x20 zephyr/kernel/libkernel.a(init_static.c.obj)
 .debug_aranges
                0x0000000000000b30       0x28 zephyr/kernel/libkernel.a(idle.c.obj)
 .debug_aranges
                0x0000000000000b58       0x38 zephyr/kernel/libkernel.a(mutex.c.obj)
 .debug_aranges
                0x0000000000000b90       0x38 zephyr/kernel/libkernel.a(sem.c.obj)
 .debug_aranges
                0x0000000000000bc8       0x90 zephyr/kernel/libkernel.a(thread.c.obj)
 .debug_aranges
                0x0000000000000c58      0x188 zephyr/kernel/libkernel.a(sched.c.obj)
 .debug_aranges
                0x0000000000000de0       0x40 zephyr/kernel/libkernel.a(timeslicing.c.obj)
 .debug_aranges
                0x0000000000000e20       0x20 zephyr/kernel/libkernel.a(xip.c.obj)
 .debug_aranges
                0x0000000000000e40       0x90 zephyr/kernel/libkernel.a(timeout.c.obj)
 .debug_aranges
                0x0000000000000ed0       0x18 zephyr/arch/common/libisr_tables.a(isr_tables.c.obj)

.debug_pubnames
 *(SORT_BY_ALIGNMENT(.debug_pubnames))

.debug_info     0x0000000000000000    0x34f05
 *(SORT_BY_ALIGNMENT(.debug_info) SORT_BY_ALIGNMENT(.gnu.linkonce.wi.*))
 .debug_info    0x0000000000000000       0xdc zephyr/CMakeFiles/offsets.dir/./arch/arm/core/offsets/offsets.c.obj
 .debug_info    0x00000000000000dc       0x97 app/libapp.a(main.c.obj)
 .debug_info    0x0000000000000173     0x2fe1 zephyr/libzephyr.a(heap.c.obj)
 .debug_info    0x0000000000003154      0x591 zephyr/libzephyr.a(printk.c.obj)
 .debug_info    0x00000000000036e5      0x70d zephyr/libzephyr.a(thread_entry.c.obj)
 .debug_info    0x0000000000003df2     0x28f7 zephyr/libzephyr.a(onoff.c.obj)
 .debug_info    0x00000000000066e9      0x31d zephyr/libzephyr.a(notify.c.obj)
 .debug_info    0x0000000000006a06       0x38 zephyr/libzephyr.a(configs.c.obj)
 .debug_info    0x0000000000006a3e       0xf3 zephyr/libzephyr.a(banner.c.obj)
 .debug_info    0x0000000000006b31      0x6b5 zephyr/arch/arch/arm/core/libarch__arm__core.a(fatal.c.obj)
 .debug_info    0x00000000000071e6       0xb6 zephyr/arch/arch/arm/core/libarch__arm__core.a(nmi.c.obj)
 .debug_info    0x000000000000729c       0x23 zephyr/arch/arch/arm/core/libarch__arm__core.a(nmi_on_reset.S.obj)
 .debug_info    0x00000000000072bf      0x6e7 zephyr/arch/arch/arm/core/libarch__arm__core.a(tls.c.obj)
 .debug_info    0x00000000000079a6      0x767 zephyr/arch/arch/arm/core/cortex_m/libarch__arm__core__cortex_m.a(exc_exit.c.obj)
 .debug_info    0x000000000000810d     0x1525 zephyr/arch/arch/arm/core/cortex_m/libarch__arm__core__cortex_m.a(fault.c.obj)
 .debug_info    0x0000000000009632       0x23 zephyr/arch/arch/arm/core/cortex_m/libarch__arm__core__cortex_m.a(fault_s.S.obj)
 .debug_info    0x0000000000009655       0x23 zephyr/arch/arch/arm/core/cortex_m/libarch__arm__core__cortex_m.a(reset.S.obj)
 .debug_info    0x0000000000009678      0x5b6 zephyr/arch/arch/arm/core/cortex_m/libarch__arm__core__cortex_m.a(scb.c.obj)
 .debug_info    0x0000000000009c2e      0x80e zephyr/arch/arch/arm/core/cortex_m/libarch__arm__core__cortex_m.a(thread_abort.c.obj)
 .debug_info    0x000000000000a43c      0x9b3 zephyr/arch/arch/arm/core/cortex_m/libarch__arm__core__cortex_m.a(swap.c.obj)
 .debug_info    0x000000000000adef       0x22 zephyr/arch/arch/arm/core/cortex_m/libarch__arm__core__cortex_m.a(swap_helper.S.obj)
 .debug_info    0x000000000000ae11      0x8cf zephyr/arch/arch/arm/core/cortex_m/libarch__arm__core__cortex_m.a(irq_manage.c.obj)
 .debug_info    0x000000000000b6e0      0x3f6 zephyr/arch/arch/arm/core/cortex_m/libarch__arm__core__cortex_m.a(prep_c.c.obj)
 .debug_info    0x000000000000bad6      0xa49 zephyr/arch/arch/arm/core/cortex_m/libarch__arm__core__cortex_m.a(thread.c.obj)
 .debug_info    0x000000000000c51f      0x48b zephyr/arch/arch/arm/core/cortex_m/libarch__arm__core__cortex_m.a(cpu_idle.c.obj)
 .debug_info    0x000000000000c9aa      0x584 zephyr/arch/arch/arm/core/cortex_m/libarch__arm__core__cortex_m.a(irq_init.c.obj)
 .debug_info    0x000000000000cf2e      0x1a3 zephyr/arch/arch/arm/core/cortex_m/libarch__arm__core__cortex_m.a(isr_wrapper.c.obj)
 .debug_info    0x000000000000d0d1       0x23 zephyr/arch/arch/arm/core/cortex_m/libarch__arm__core__cortex_m.a(__aeabi_read_tp.S.obj)
 .debug_info    0x000000000000d0f4      0xdc0 zephyr/lib/libc/common/liblib__libc__common.a(malloc.c.obj)
 .debug_info    0x000000000000deb4      0x524 zephyr/soc/soc/nrf52833/libsoc__nordic.a(soc.c.obj)
 .debug_info    0x000000000000e3d8     0x35cd zephyr/drivers/clock_control/libdrivers__clock_control.a(clock_control_nrf.c.obj)
 .debug_info    0x00000000000119a5     0x17b5 zephyr/drivers/i2c/libdrivers__i2c.a(i2c_nrfx_twim.c.obj)
 .debug_info    0x000000000001315a     0x1356 zephyr/drivers/i2c/libdrivers__i2c.a(i2c_nrfx_twim_common.c.obj)
 .debug_info    0x00000000000144b0      0x1af zephyr/drivers/pinctrl/libdrivers__pinctrl.a(common.c.obj)
 .debug_info    0x000000000001465f      0xb46 zephyr/drivers/pinctrl/libdrivers__pinctrl.a(pinctrl_nrf.c.obj)
 .debug_info    0x00000000000151a5     0x2034 zephyr/drivers/sensor/nordic/temp/libdrivers__sensor__nordic__temp.a(temp_nrf5.c.obj)
 .debug_info    0x00000000000171d9     0x270c zephyr/drivers/sensor/tdk/mpu6050/libdrivers__sensor__tdk__mpu6050.a(mpu6050.c.obj)
 .debug_info    0x00000000000198e5     0x33a2 zephyr/drivers/timer/libdrivers__timer.a(nrf_rtc_timer.c.obj)
 .debug_info    0x000000000001cc87     0x1195 modules/hal_nordic/nrfx/libmodules__hal_nordic__nrfx.a(system_nrf52833.c.obj)
 .debug_info    0x000000000001de1c      0x25d modules/hal_nordic/nrfx/libmodules__hal_nordic__nrfx.a(nrfx_glue.c.obj)
 .debug_info    0x000000000001e079     0x19be modules/hal_nordic/nrfx/libmodules__hal_nordic__nrfx.a(nrfx_clock.c.obj)
 .debug_info    0x000000000001fa37     0x4de0 modules/hal_nordic/nrfx/libmodules__hal_nordic__nrfx.a(nrfx_twim.c.obj)
 .debug_info    0x0000000000024817      0xa20 modules/hal_nordic/nrfx/libmodules__hal_nordic__nrfx.a(nrfx_twi_twim.c.obj)
 .debug_info    0x0000000000025237       0xe3 zephyr/kernel/libkernel.a(busy_wait.c.obj)
 .debug_info    0x000000000002531a      0x343 zephyr/kernel/libkernel.a(device.c.obj)
 .debug_info    0x000000000002565d      0xc92 zephyr/kernel/libkernel.a(fatal.c.obj)
 .debug_info    0x00000000000262ef     0x1d8b zephyr/kernel/libkernel.a(init.c.obj)
 .debug_info    0x000000000002807a       0x38 zephyr/kernel/libkernel.a(init_static.c.obj)
 .debug_info    0x00000000000280b2      0x2e8 zephyr/kernel/libkernel.a(idle.c.obj)
 .debug_info    0x000000000002839a     0x149a zephyr/kernel/libkernel.a(mutex.c.obj)
 .debug_info    0x0000000000029834      0xeb9 zephyr/kernel/libkernel.a(sem.c.obj)
 .debug_info    0x000000000002a6ed     0x1549 zephyr/kernel/libkernel.a(thread.c.obj)
 .debug_info    0x000000000002bc36     0x649d zephyr/kernel/libkernel.a(sched.c.obj)
 .debug_info    0x00000000000320d3      0xf3d zephyr/kernel/libkernel.a(timeslicing.c.obj)
 .debug_info    0x0000000000033010      0x142 zephyr/kernel/libkernel.a(xip.c.obj)
 .debug_info    0x0000000000033152     0x1be4 zephyr/kernel/libkernel.a(timeout.c.obj)
 .debug_info    0x0000000000034d36      0x1cf zephyr/arch/common/libisr_tables.a(isr_tables.c.obj)

.debug_abbrev   0x0000000000000000     0x997e
 *(SORT_BY_ALIGNMENT(.debug_abbrev))
 .debug_abbrev  0x0000000000000000       0x62 zephyr/CMakeFiles/offsets.dir/./arch/arm/core/offsets/offsets.c.obj
 .debug_abbrev  0x0000000000000062       0x46 app/libapp.a(main.c.obj)
 .debug_abbrev  0x00000000000000a8      0x434 zephyr/libzephyr.a(heap.c.obj)
 .debug_abbrev  0x00000000000004dc      0x2e2 zephyr/libzephyr.a(printk.c.obj)
 .debug_abbrev  0x00000000000007be      0x2bc zephyr/libzephyr.a(thread_entry.c.obj)
 .debug_abbrev  0x0000000000000a7a      0x551 zephyr/libzephyr.a(onoff.c.obj)
 .debug_abbrev  0x0000000000000fcb      0x1bf zephyr/libzephyr.a(notify.c.obj)
 .debug_abbrev  0x000000000000118a       0x2e zephyr/libzephyr.a(configs.c.obj)
 .debug_abbrev  0x00000000000011b8       0x9c zephyr/libzephyr.a(banner.c.obj)
 .debug_abbrev  0x0000000000001254      0x2a4 zephyr/arch/arch/arm/core/libarch__arm__core.a(fatal.c.obj)
 .debug_abbrev  0x00000000000014f8       0x70 zephyr/arch/arch/arm/core/libarch__arm__core.a(nmi.c.obj)
 .debug_abbrev  0x0000000000001568       0x14 zephyr/arch/arch/arm/core/libarch__arm__core.a(nmi_on_reset.S.obj)
 .debug_abbrev  0x000000000000157c      0x2a1 zephyr/arch/arch/arm/core/libarch__arm__core.a(tls.c.obj)
 .debug_abbrev  0x000000000000181d      0x17f zephyr/arch/arch/arm/core/cortex_m/libarch__arm__core__cortex_m.a(exc_exit.c.obj)
 .debug_abbrev  0x000000000000199c      0x411 zephyr/arch/arch/arm/core/cortex_m/libarch__arm__core__cortex_m.a(fault.c.obj)
 .debug_abbrev  0x0000000000001dad       0x14 zephyr/arch/arch/arm/core/cortex_m/libarch__arm__core__cortex_m.a(fault_s.S.obj)
 .debug_abbrev  0x0000000000001dc1       0x14 zephyr/arch/arch/arm/core/cortex_m/libarch__arm__core__cortex_m.a(reset.S.obj)
 .debug_abbrev  0x0000000000001dd5      0x1dd zephyr/arch/arch/arm/core/cortex_m/libarch__arm__core__cortex_m.a(scb.c.obj)
 .debug_abbrev  0x0000000000001fb2      0x227 zephyr/arch/arch/arm/core/cortex_m/libarch__arm__core__cortex_m.a(thread_abort.c.obj)
 .debug_abbrev  0x00000000000021d9      0x2b0 zephyr/arch/arch/arm/core/cortex_m/libarch__arm__core__cortex_m.a(swap.c.obj)
 .debug_abbrev  0x0000000000002489       0x12 zephyr/arch/arch/arm/core/cortex_m/libarch__arm__core__cortex_m.a(swap_helper.S.obj)
 .debug_abbrev  0x000000000000249b      0x28c zephyr/arch/arch/arm/core/cortex_m/libarch__arm__core__cortex_m.a(irq_manage.c.obj)
 .debug_abbrev  0x0000000000002727      0x17d zephyr/arch/arch/arm/core/cortex_m/libarch__arm__core__cortex_m.a(prep_c.c.obj)
 .debug_abbrev  0x00000000000028a4      0x365 zephyr/arch/arch/arm/core/cortex_m/libarch__arm__core__cortex_m.a(thread.c.obj)